C51 COMPILER V9.53.0.0   DELAY                                                             07/02/2019 12:32:36 PAGE 1   


C51 COMPILER V9.53.0.0, COMPILATION OF MODULE DELAY
OBJECT MODULE PLACED IN .\Objects\delay.obj
COMPILER INVOKED BY: C:\Keil_v5\C51\BIN\C51.EXE dev\delay.c LARGE OPTIMIZE(6,SPEED) BROWSE INCDIR(.\app;.\dev;.\os;.\inc
                    -) DEFINE(LOG,LIGHT) DEBUG OBJECTEXTEND PRINT(.\Listings\delay.lst) TABS(2) OBJECT(.\Objects\delay.obj)

line level    source

   1          /**
   2           * @file delay.c
   3           * @brief 延时文件
   4           * @details 实现微妙延时，毫秒延时
   5           * @author mudlife
   6           * @par Copyright (c):
   7           *      上海晶曦微电子科技有限公司
   8           * @version 1.0.0
   9           * @date 2019-06-02
  10           */
  11          #include "delay.h"
  12          
  13          /**
  14           * @brief 微妙延时
  15           *
  16           * @param t 延时时间
  17           * @return 无
  18           */
  19          void delay_us(u16 t)
  20          {
  21   1        while(t--);
  22   1      }
  23          /**
  24           * @brief 毫秒延时
  25           *
  26           * @param t 延时时间
  27           * @return 无
  28           */
  29          void delay_ms(u16 t)
  30          {
  31   1        u16 i;
  32   1         for(i=0;i<t;i++)
  33   1          delay_us(1380);
  34   1      }
  35          /**
  36           * @brief 0.5毫秒延时
  37           *
  38           * @param t 延时时间
  39           * @return 无
  40           */
  41          void delay_0_5_ms(u16 t)
  42          {
  43   1        u16 i;
  44   1         for(i=0;i<t;i++)
  45   1          delay_us(750);
  46   1      }


MODULE INFORMATION:   STATIC OVERLAYABLE
   CODE SIZE        =     89    ----
   CONSTANT SIZE    =   ----    ----
   XDATA SIZE       =   ----       4
   PDATA SIZE       =   ----    ----
   DATA SIZE        =   ----    ----
C51 COMPILER V9.53.0.0   DELAY                                                             07/02/2019 12:32:36 PAGE 2   

   IDATA SIZE       =   ----    ----
   BIT SIZE         =   ----    ----
END OF MODULE INFORMATION.


C51 COMPILATION COMPLETE.  0 WARNING(S),  0 ERROR(S)
