BL51 BANKED LINKER/LOCATER V6.22                                                        07/19/2019  12:30:14  PAGE 1


BL51 BANKED LINKER/LOCATER V6.22, INVOKED BY:
C:\KEIL_V5\C51\BIN\BL51.EXE .\Objects\STARTUP.obj, .\Objects\main.obj, .\Objects\delay.obj, .\Objects\spi.obj, .\Objects
>> \flash.obj, .\Objects\system.obj, .\Objects\netstack_app.obj, .\lib\mesh.LIB TO .\Objects\mesh PRINT (.\Listings\mesh
>> .m51) IXREF RAMSIZE (256) CODE (0X0000-0X3FFF) XDATA (0X0000-0X00FF)


MEMORY MODEL: LARGE


INPUT MODULES INCLUDED:
  .\Objects\STARTUP.obj (?C_STARTUP)
  .\Objects\main.obj (MAIN)
  .\Objects\delay.obj (DELAY)
  .\Objects\spi.obj (SPI)
  .\Objects\flash.obj (FLASH)
  .\Objects\system.obj (SYSTEM)
  .\Objects\netstack_app.obj (NETSTACK_APP)
  .\lib\mesh.LIB (OS)
  .\lib\mesh.LIB (NETSTACK_PHY)
  .\lib\mesh.LIB (NETSTACK_MAC)
  .\lib\mesh.LIB (NETSTACK_NET)
  C:\KEIL_V5\C51\LIB\C51L.LIB (?C_INIT)
  C:\KEIL_V5\C51\LIB\C51L.LIB (?C?COPY)
  C:\KEIL_V5\C51\LIB\C51L.LIB (?C?CLDPTR)
  C:\KEIL_V5\C51\LIB\C51L.LIB (?C?CLDOPTR)
  C:\KEIL_V5\C51\LIB\C51L.LIB (?C?CILDOPTR)
  C:\KEIL_V5\C51\LIB\C51L.LIB (?C?CSTPTR)
  C:\KEIL_V5\C51\LIB\C51L.LIB (?C?CSTOPTR)
  C:\KEIL_V5\C51\LIB\C51L.LIB (?C?IILDX)
  C:\KEIL_V5\C51\LIB\C51L.LIB (?C?ILDIX)
  C:\KEIL_V5\C51\LIB\C51L.LIB (?C?LMUL)
  C:\KEIL_V5\C51\LIB\C51L.LIB (?C?ULDIV)
  C:\KEIL_V5\C51\LIB\C51L.LIB (?C?ULCMP)
  C:\KEIL_V5\C51\LIB\C51L.LIB (?C?ULSHR)
  C:\KEIL_V5\C51\LIB\C51L.LIB (?C?LSHL)
  C:\KEIL_V5\C51\LIB\C51L.LIB (?C?LLDCODE0)
  C:\KEIL_V5\C51\LIB\C51L.LIB (?C?LSTXDATA)
  C:\KEIL_V5\C51\LIB\C51L.LIB (?C?LSTKXDATA)
  C:\KEIL_V5\C51\LIB\C51L.LIB (?C?CCASE)
  C:\KEIL_V5\C51\LIB\C51L.LIB (?C?ICALL)
  C:\KEIL_V5\C51\LIB\C51L.LIB (?C?MEMCMP)
  C:\KEIL_V5\C51\LIB\C51L.LIB (?C?MEMSET)


LINK MAP OF MODULE:  .\Objects\mesh (?C_STARTUP)


            TYPE    BASE      LENGTH    RELOCATION   SEGMENT NAME
            -----------------------------------------------------

            * * * * * * *   D A T A   M E M O R Y   * * * * * * *
            REG     0000H     0008H     ABSOLUTE     "REG BANK 0"
            DATA    0008H     005EH     UNIT         ?DT?NETSTACK_MAC
            DATA    0066H     0005H     UNIT         _DATA_GROUP_
            DATA    006BH     0004H     UNIT         ?DT?SYSTEM
            IDATA   006FH     0001H     UNIT         ?STACK

            * * * * * * *  X D A T A   M E M O R Y  * * * * * * *
BL51 BANKED LINKER/LOCATER V6.22                                                      07/19/2019  12:30:14  PAGE 2


            XDATA   0000H     0041H     UNIT         ?XD?NETSTACK_NET
            XDATA   0041H     003FH     UNIT         _XDATA_GROUP_
            XDATA   0080H     001AH     UNIT         ?XD?NETSTACK_APP
            XDATA   009AH     0019H     UNIT         ?XD?OS
            XDATA   00B3H     0003H     UNIT         ?XD?_APP_OUTPUT?NETSTACK_APP
            XDATA   00B6H     0003H     UNIT         ?XD?NET_DEVICE_STA_TASK?NETSTACK_NET
            XDATA   00B9H     0001H     UNIT         ?XD?_F_FLASHFUNTION?NETSTACK_APP
            XDATA   00BAH     0001H     UNIT         ?XD?_MAC_SCAN_RSSI?NETSTACK_MAC
                    00BBH     FDC5H                  *** GAP ***
            XDATA   FE80H     0001H     ABSOLUTE     
                    FE81H     0004H                  *** GAP ***
            XDATA   FE85H     0001H     ABSOLUTE     
                    FE86H     0002H                  *** GAP ***
            XDATA   FE88H     0001H     ABSOLUTE     
            XDATA   FE89H     0001H     ABSOLUTE     
            XDATA   FE8AH     0001H     ABSOLUTE     
                    FE8BH     0006H                  *** GAP ***
            XDATA   FE91H     0001H     ABSOLUTE     
            XDATA   FE92H     0001H     ABSOLUTE     
            XDATA   FE93H     0001H     ABSOLUTE     
                    FE94H     0001H                  *** GAP ***
            XDATA   FE95H     0001H     ABSOLUTE     
                    FE96H     0002H                  *** GAP ***
            XDATA   FE98H     0001H     ABSOLUTE     
                    FE99H     0002H                  *** GAP ***
            XDATA   FE9BH     0001H     ABSOLUTE     
                    FE9CH     0004H                  *** GAP ***
            XDATA   FEA0H     0001H     ABSOLUTE     
                    FEA1H     0001H                  *** GAP ***
            XDATA   FEA2H     0001H     ABSOLUTE     
                    FEA3H     0001H                  *** GAP ***
            XDATA   FEA4H     0001H     ABSOLUTE     
            XDATA   FEA5H     0001H     ABSOLUTE     
                    FEA6H     0001H                  *** GAP ***
            XDATA   FEA7H     0001H     ABSOLUTE     
                    FEA8H     0002H                  *** GAP ***
            XDATA   FEAAH     0001H     ABSOLUTE     
                    FEABH     0005H                  *** GAP ***
            XDATA   FEB0H     0001H     ABSOLUTE     
            XDATA   FEB1H     0001H     ABSOLUTE     
            XDATA   FEB2H     0001H     ABSOLUTE     
            XDATA   FEB3H     0001H     ABSOLUTE     
                    FEB4H     0004H                  *** GAP ***
            XDATA   FEB8H     0001H     ABSOLUTE     
            XDATA   FEB9H     0001H     ABSOLUTE     
                    FEBAH     0002H                  *** GAP ***
            XDATA   FEBCH     0001H     ABSOLUTE     
                    FEBDH     0043H                  *** GAP ***
            XDATA   FF00H     0001H     ABSOLUTE     
            XDATA   FF01H     0001H     ABSOLUTE     
            XDATA   FF02H     0001H     ABSOLUTE     
            XDATA   FF03H     0001H     ABSOLUTE     
                    FF04H     0001H                  *** GAP ***
            XDATA   FF05H     0001H     ABSOLUTE     
                    FF06H     0002H                  *** GAP ***
            XDATA   FF08H     0001H     ABSOLUTE     
                    FF09H     0007H                  *** GAP ***
BL51 BANKED LINKER/LOCATER V6.22                                                      07/19/2019  12:30:14  PAGE 3


            XDATA   FF10H     0001H     ABSOLUTE     
            XDATA   FF11H     0001H     ABSOLUTE     
            XDATA   FF12H     0001H     ABSOLUTE     
            XDATA   FF13H     0001H     ABSOLUTE     
                    FF14H     002CH                  *** GAP ***
            XDATA   FF40H     0001H     ABSOLUTE     
            XDATA   FF41H     0001H     ABSOLUTE     
            XDATA   FF42H     0001H     ABSOLUTE     
                    FF43H     003DH                  *** GAP ***
            XDATA   FF80H     0001H     ABSOLUTE     
            XDATA   FF81H     0001H     ABSOLUTE     
                    FF82H     0001H                  *** GAP ***
            XDATA   FF83H     0001H     ABSOLUTE     
            XDATA   FF84H     0001H     ABSOLUTE     
            XDATA   FF85H     0001H     ABSOLUTE     
                    FF86H     0009H                  *** GAP ***
            XDATA   FF8FH     0001H     ABSOLUTE     
            XDATA   FF90H     0001H     ABSOLUTE     
            XDATA   FF91H     0001H     ABSOLUTE     
                    FF92H     0002H                  *** GAP ***
            XDATA   FF94H     0001H     ABSOLUTE     
            XDATA   FF95H     0001H     ABSOLUTE     
                    FF96H     0002H                  *** GAP ***
            XDATA   FF98H     0001H     ABSOLUTE     
            XDATA   FF99H     0001H     ABSOLUTE     
                    FF9AH     0002H                  *** GAP ***
            XDATA   FF9CH     0001H     ABSOLUTE     
                    FF9DH     0003H                  *** GAP ***
            XDATA   FFA0H     0001H     ABSOLUTE     
            XDATA   FFA1H     0001H     ABSOLUTE     
                    FFA2H     0002H                  *** GAP ***
            XDATA   FFA4H     0001H     ABSOLUTE     
            XDATA   FFA5H     0001H     ABSOLUTE     
            XDATA   FFA6H     0001H     ABSOLUTE     
            XDATA   FFA7H     0001H     ABSOLUTE     
            XDATA   FFA8H     0001H     ABSOLUTE     
            XDATA   FFA9H     0001H     ABSOLUTE     

            * * * * * * *   C O D E   M E M O R Y   * * * * * * *
            CODE    0000H     0003H     ABSOLUTE     
            CODE    0003H     0008H     UNIT         ?PR?_MAC_SET_POWER?NETSTACK_MAC
            CODE    000BH     0003H     ABSOLUTE     
            CODE    000EH     0657H     UNIT         ?PR?_NET_CTL_DEL?NETSTACK_NET
            CODE    0665H     0572H     UNIT         ?C?LIB_CODE
            CODE    0BD7H     0406H     UNIT         ?CO?NETSTACK_MAC
            CODE    0FDDH     0274H     UNIT         ?PR?MAC_READ_PACKET?NETSTACK_MAC
            CODE    1251H     0256H     UNIT         ?PR?_APP_INPUT?NETSTACK_APP
            CODE    14A7H     0218H     UNIT         ?PR?_NET_INPUT?NETSTACK_NET
            CODE    16BFH     013DH     UNIT         ?PR?F_CHECKCLEARNET?NETSTACK_APP
            CODE    17FCH     0138H     UNIT         ?PR?_NET_SET_NET_STA?NETSTACK_NET
            CODE    1934H     011AH     UNIT         ?PR?_NET_OUTPUT?NETSTACK_NET
            CODE    1A4EH     0113H     UNIT         ?PR?_NET_GROUP_CLEAR?NETSTACK_NET
            CODE    1B61H     010DH     UNIT         ?PR?_MAC_PACK_PACKET?NETSTACK_MAC
            CODE    1C6EH     010AH     UNIT         ?PR?_NET_GROUP_REMOVE?NETSTACK_NET
            CODE    1D78H     0109H     UNIT         ?PR?_NET_RX_EXIST?NETSTACK_NET
            CODE    1E81H     00FBH     UNIT         ?PR?_NET_UPDAT_PEER_ADDR?NETSTACK_NET
            CODE    1F7CH     00E8H     UNIT         ?PR?_CRC24Q_HASH?NETSTACK_MAC
BL51 BANKED LINKER/LOCATER V6.22                                                      07/19/2019  12:30:14  PAGE 4


            CODE    2064H     00CFH     UNIT         ?PR?F_CWRUNNING?NETSTACK_APP
            CODE    2133H     00C7H     UNIT         ?PR?_NET_SET_DEVICE_STA?NETSTACK_NET
            CODE    21FAH     00ADH     UNIT         ?PR?TASK_NET?NETSTACK_NET
            CODE    22A7H     00AAH     UNIT         ?PR?_F_COUNTDATA?NETSTACK_APP
            CODE    2351H     00A2H     UNIT         ?PR?NET_INIT?NETSTACK_NET
            CODE    23F3H     008FH     UNIT         ?PR?_NET_DECENCRYPT?NETSTACK_NET
            CODE    2482H     008CH     UNIT         ?C_C51STARTUP
            CODE    250EH     008CH     UNIT         ?PR?F_TONEUP?NETSTACK_APP
            CODE    259AH     0088H     UNIT         ?PR?_NET_ADDR_FILL?NETSTACK_NET
            CODE    2622H     0086H     UNIT         ?PR?F_BRIGHTUP?NETSTACK_APP
            CODE    26A8H     0084H     UNIT         ?PR?F_BRIGHTDOWN?NETSTACK_APP
            CODE    272CH     0084H     UNIT         ?PR?_OS_TASK_ADD?OS
            CODE    27B0H     0084H     UNIT         ?PR?_BLE_CALC_ADV_CRC_TAB?NETSTACK_MAC
            CODE    2834H     0083H     UNIT         ?PR?F_TONEDOWN?NETSTACK_APP
            CODE    28B7H     007EH     UNIT         ?PR?TIMER0_RPT?SYSTEM
            CODE    2935H     0070H     UNIT         ?PR?NET_GET_LOCAL_INFO?NETSTACK_NET
            CODE    29A5H     006FH     UNIT         ?PR?MAC_PACKET_DEAL?NETSTACK_MAC
            CODE    2A14H     006DH     UNIT         ?PR?APP_INIT?NETSTACK_APP
            CODE    2A81H     0069H     UNIT         ?PR?OS_TASK_REMARK?OS
            CODE    2AEAH     0066H     UNIT         ?PR?PHY_INIT?NETSTACK_PHY
            CODE    2B50H     0066H     UNIT         ?PR?MAC_LOAD_PACKET?NETSTACK_MAC
            CODE    2BB6H     0065H     UNIT         ?PR?_NET_GROUP_EXIST?NETSTACK_NET
            CODE    2C1BH     0059H     UNIT         ?PR?F_AUTOSAVE?NETSTACK_APP
            CODE    2C74H     0057H     UNIT         ?PR?_PHY_READ_FIFO?NETSTACK_PHY
            CODE    2CCBH     0054H     UNIT         ?PR?PHY_CHECK_REGS?NETSTACK_PHY
            CODE    2D1FH     0053H     UNIT         ?PR?_PHY_WRITE_FIFO?NETSTACK_PHY
            CODE    2D72H     004FH     UNIT         ?PR?_MAC_LISTEN_PACKET?NETSTACK_MAC
            CODE    2DC1H     004CH     UNIT         ?PR?OS_TASK_PROCESS?OS
            CODE    2E0DH     004AH     UNIT         ?PR?_MAC_SCAN_RSSI?NETSTACK_MAC
            CODE    2E57H     0049H     UNIT         ?PR?APP_SET_DEF_PWM?NETSTACK_APP
            CODE    2EA0H     0045H     UNIT         ?PR?LED_FLASH?NETSTACK_APP
            CODE    2EE5H     0045H     UNIT         ?PR?NET_UPDAT_LOCAL_INFO?NETSTACK_NET
            CODE    2F2AH     0042H     UNIT         ?PR?_FLASH_READ_MAC_ADDR?FLASH
            CODE    2F6CH     0040H     UNIT         ?CO?NETSTACK_PHY
            CODE    2FACH     003DH     UNIT         ?PR?NET_DEVICE_STA_TASK?NETSTACK_NET
            CODE    2FE9H     003BH     UNIT         ?PR?_FLASH_READ_BUF?FLASH
            CODE    3024H     003AH     UNIT         ?PR?_PHY_WRITE_REG_BIT?NETSTACK_PHY
            CODE    305EH     0038H     UNIT         ?PR?_FLASH_WRITE_BUF?FLASH
            CODE    3096H     0038H     UNIT         ?PR?_F_FLASHFUNTION?NETSTACK_APP
            CODE    30CEH     0038H     UNIT         ?PR?F_ACPOWERDECT?NETSTACK_APP
            CODE    3106H     0037H     UNIT         ?PR?SPI_CONFIG_GPIO?SPI
            CODE    313DH     0037H     UNIT         ?PR?SYSTEM_INIT?SYSTEM
            CODE    3174H     0034H     UNIT         ?PR?_FLASH_CRC?FLASH
            CODE    31A8H     0034H     UNIT         ?PR?_G24_CRC?NETSTACK_MAC
            CODE    31DCH     0032H     UNIT         ?PR?_MAC_SEND_PACKET?NETSTACK_MAC
            CODE    320EH     0030H     UNIT         ?PR?PWM_INIT?NETSTACK_APP
            CODE    323EH     0030H     UNIT         ?PR?_NET_GROUP_ADD?NETSTACK_NET
            CODE    326EH     002BH     UNIT         ?PR?MAC_DIRECT_MODE_ENTER?NETSTACK_MAC
            CODE    3299H     002AH     UNIT         ?PR?MAIN?MAIN
            CODE    32C3H     0028H     UNIT         ?PR?F_SWITCHONOFF?NETSTACK_APP
            CODE    32EBH     0027H     UNIT         ?PR?_DELAY_MS?DELAY
            CODE    3312H     0027H     UNIT         ?PR?_DELAY_0_5_MS?DELAY
            CODE    3339H     0027H     UNIT         ?PR?NET_CLEAR_NETWORK?NETSTACK_NET
            CODE    3360H     0026H     UNIT         ?PR?_SWAP_BITS?NETSTACK_MAC
            CODE    3386H     001DH     UNIT         ?PR?MAC_DIRECT_MODE_BREAK?NETSTACK_MAC
            CODE    33A3H     001BH     UNIT         ?PR?_FLASH_ERASE_SECTION?FLASH
            CODE    33BEH     001BH     UNIT         ?PR?_REFLECTED?NETSTACK_MAC
BL51 BANKED LINKER/LOCATER V6.22                                                      07/19/2019  12:30:14  PAGE 5


            CODE    33D9H     001AH     UNIT         ?PR?_PHY_READ_REG?NETSTACK_PHY
            CODE    33F3H     001AH     UNIT         ?PR?_SWAP_CRC_BITS?NETSTACK_MAC
            CODE    340DH     001AH     UNIT         ?PR?_TPL_RX_MODE?NETSTACK_MAC
            CODE    3427H     0015H     UNIT         ?PR?_PHY_WRITE_REG?NETSTACK_PHY
            CODE    343CH     0015H     UNIT         ?PR?NET_RX_POOL_INIT?NETSTACK_NET
            CODE    3451H     0014H     UNIT         ?PR?F_OPENLED?NETSTACK_APP
            CODE    3465H     0014H     UNIT         ?PR?F_CLOSELED?NETSTACK_APP
            CODE    3479H     0014H     UNIT         ?PR?_NET_SET_ADV_PARAM_LEN?NETSTACK_NET
            CODE    348DH     0013H     UNIT         ?PR?F_SETBRIGHTTONEVALUE?NETSTACK_APP
            CODE    34A0H     0011H     UNIT         ?PR?_TPL_TX_MODE?NETSTACK_MAC
            CODE    34B1H     0010H     UNIT         ?PR?_SPI_READ_WRITE?SPI
            CODE    34C1H     0010H     UNIT         ?PR?OS_INIT?OS
            CODE    34D1H     000EH     UNIT         ?PR?SYSTEM_TDMA?SYSTEM
            CODE    34DFH     000EH     UNIT         ?PR?_APP_OUTPUT?NETSTACK_APP
            CODE    34EDH     000EH     UNIT         ?CO?NETSTACK_NET
            CODE    34FBH     000DH     UNIT         ?PR?RESETNOREADOPTION?SYSTEM
            CODE    3508H     000DH     UNIT         ?PR?MAC_PROCESS?NETSTACK_MAC
            CODE    3515H     000CH     UNIT         ?CO?NETSTACK_APP
            CODE    3521H     000BH     UNIT         ?PR?_DELAY_US?DELAY
            CODE    352CH     000BH     UNIT         ?C_INITSEG
            CODE    3537H     000AH     UNIT         ?PR?WDT_INIT?SYSTEM
            CODE    3541H     0009H     UNIT         ?PR?SPI_INIT?SPI
            CODE    354AH     0007H     UNIT         ?PR?NET_GET_ADV_PARAM_BUF?NETSTACK_NET
            CODE    3551H     0003H     UNIT         ?PR?MAC_INIT?NETSTACK_MAC
            CODE    3554H     0001H     UNIT         ?PR?APP_PROCESS?NETSTACK_APP



OVERLAY MAP OF MODULE:   .\Objects\mesh (?C_STARTUP)


SEGMENT                                           DATA_GROUP          XDATA_GROUP
  +--> CALLED SEGMENT                           START    LENGTH     START    LENGTH
-----------------------------------------------------------------------------------
?C_C51STARTUP                                   -----    -----      -----    -----
  +--> ?PR?MAIN?MAIN
  +--> ?C_INITSEG

?PR?MAIN?MAIN                                   -----    -----      -----    -----
  +--> ?PR?SYSTEM_INIT?SYSTEM
  +--> ?PR?SPI_INIT?SPI
  +--> ?PR?PHY_INIT?NETSTACK_PHY
  +--> ?PR?OS_INIT?OS
  +--> ?PR?MAC_INIT?NETSTACK_MAC
  +--> ?PR?NET_INIT?NETSTACK_NET
  +--> ?PR?APP_INIT?NETSTACK_APP
  +--> ?PR?WDT_INIT?SYSTEM
  +--> ?PR?MAC_PROCESS?NETSTACK_MAC
  +--> ?PR?OS_TASK_REMARK?OS
  +--> ?PR?OS_TASK_PROCESS?OS
  +--> ?PR?APP_PROCESS?NETSTACK_APP

?PR?SPI_INIT?SPI                                -----    -----      -----    -----
  +--> ?PR?SPI_CONFIG_GPIO?SPI

?PR?PHY_INIT?NETSTACK_PHY                       0066H    0001H      -----    -----
  +--> ?PR?_DELAY_US?DELAY
BL51 BANKED LINKER/LOCATER V6.22                                                      07/19/2019  12:30:14  PAGE 6


  +--> ?PR?_DELAY_MS?DELAY
  +--> ?CO?NETSTACK_PHY
  +--> ?PR?_PHY_WRITE_REG?NETSTACK_PHY
  +--> ?PR?_PHY_READ_REG?NETSTACK_PHY
  +--> ?PR?PHY_CHECK_REGS?NETSTACK_PHY

?PR?_DELAY_MS?DELAY                             -----    -----      0041H    0002H
  +--> ?PR?_DELAY_US?DELAY

?PR?_PHY_WRITE_REG?NETSTACK_PHY                 -----    -----      0064H    0001H
  +--> ?PR?_SPI_READ_WRITE?SPI

?PR?_SPI_READ_WRITE?SPI                         006AH    0001H      -----    -----

?PR?_PHY_READ_REG?NETSTACK_PHY                  0069H    0001H      -----    -----
  +--> ?PR?_SPI_READ_WRITE?SPI
  +--> ?PR?_DELAY_US?DELAY

?PR?PHY_CHECK_REGS?NETSTACK_PHY                 0067H    0002H      -----    -----
  +--> ?CO?NETSTACK_PHY
  +--> ?PR?_DELAY_MS?DELAY
  +--> ?PR?_PHY_READ_REG?NETSTACK_PHY

?PR?NET_INIT?NETSTACK_NET                       -----    -----      -----    -----
  +--> ?PR?NET_GET_LOCAL_INFO?NETSTACK_NET
  +--> ?PR?RESETNOREADOPTION?SYSTEM
  +--> ?CO?NETSTACK_NET
  +--> ?PR?_FLASH_READ_MAC_ADDR?FLASH
  +--> ?PR?NET_UPDAT_LOCAL_INFO?NETSTACK_NET
  +--> ?PR?NET_RX_POOL_INIT?NETSTACK_NET
  +--> ?PR?_NET_GROUP_ADD?NETSTACK_NET
  +--> ?PR?_MAC_LISTEN_PACKET?NETSTACK_MAC
  +--> ?PR?TASK_NET?NETSTACK_NET
  +--> ?PR?_OS_TASK_ADD?OS

?PR?NET_GET_LOCAL_INFO?NETSTACK_NET             -----    -----      0041H    0001H
  +--> ?PR?_FLASH_READ_BUF?FLASH
  +--> ?PR?_FLASH_CRC?FLASH
  +--> ?PR?_FLASH_ERASE_SECTION?FLASH

?PR?_FLASH_READ_BUF?FLASH                       -----    -----      005BH    0006H

?PR?_FLASH_CRC?FLASH                            -----    -----      005BH    0004H

?PR?_FLASH_READ_MAC_ADDR?FLASH                  -----    -----      0041H    0003H

?PR?NET_UPDAT_LOCAL_INFO?NETSTACK_NET           -----    -----      -----    -----
  +--> ?PR?_FLASH_CRC?FLASH
  +--> ?PR?_FLASH_ERASE_SECTION?FLASH
  +--> ?PR?_FLASH_WRITE_BUF?FLASH

?PR?_FLASH_WRITE_BUF?FLASH                      -----    -----      005BH    0006H

?PR?_NET_GROUP_ADD?NETSTACK_NET                 -----    -----      -----    -----
  +--> ?PR?_FLASH_WRITE_BUF?FLASH
  +--> ?PR?NET_UPDAT_LOCAL_INFO?NETSTACK_NET

BL51 BANKED LINKER/LOCATER V6.22                                                      07/19/2019  12:30:14  PAGE 7


?PR?_MAC_LISTEN_PACKET?NETSTACK_MAC             -----    -----      005FH    0001H
  +--> ?PR?_PHY_WRITE_REG_BIT?NETSTACK_PHY
  +--> ?CO?NETSTACK_MAC
  +--> ?PR?_PHY_WRITE_REG?NETSTACK_PHY
  +--> ?PR?_TPL_RX_MODE?NETSTACK_MAC

?PR?_PHY_WRITE_REG_BIT?NETSTACK_PHY             0066H    0002H      0062H    0002H
  +--> ?PR?_PHY_READ_REG?NETSTACK_PHY
  +--> ?PR?_PHY_WRITE_REG?NETSTACK_PHY

?PR?_TPL_RX_MODE?NETSTACK_MAC                   -----    -----      0060H    0001H
  +--> ?PR?_PHY_WRITE_REG_BIT?NETSTACK_PHY
  +--> ?PR?_PHY_WRITE_REG?NETSTACK_PHY

?PR?TASK_NET?NETSTACK_NET                       -----    -----      0041H    0003H
  +--> ?PR?_NET_SET_NET_STA?NETSTACK_NET
  +--> ?PR?_NET_SET_DEVICE_STA?NETSTACK_NET
  +--> ?PR?_NET_OUTPUT?NETSTACK_NET
  +--> ?PR?_OS_TASK_ADD?OS

?PR?_NET_SET_NET_STA?NETSTACK_NET               -----    -----      0044H    0003H
  +--> ?PR?_NET_ADDR_FILL?NETSTACK_NET
  +--> ?PR?_FLASH_READ_BUF?FLASH
  +--> ?CO?NETSTACK_NET

?PR?_NET_ADDR_FILL?NETSTACK_NET                 -----    -----      0054H    0005H

?PR?_NET_SET_DEVICE_STA?NETSTACK_NET            -----    -----      0051H    0003H
  +--> ?PR?_NET_ADDR_FILL?NETSTACK_NET

?PR?_NET_OUTPUT?NETSTACK_NET                    -----    -----      0051H    000EH
  +--> ?PR?_NET_DECENCRYPT?NETSTACK_NET
  +--> ?PR?_MAC_PACK_PACKET?NETSTACK_MAC
  +--> ?PR?MAC_LOAD_PACKET?NETSTACK_MAC
  +--> ?PR?_MAC_SEND_PACKET?NETSTACK_MAC
  +--> ?PR?_MAC_LISTEN_PACKET?NETSTACK_MAC

?PR?_NET_DECENCRYPT?NETSTACK_NET                -----    -----      005FH    0006H

?PR?_MAC_PACK_PACKET?NETSTACK_MAC               -----    -----      005FH    000AH
  +--> ?PR?_BLE_CALC_ADV_CRC_TAB?NETSTACK_MAC

?PR?_BLE_CALC_ADV_CRC_TAB?NETSTACK_MAC          -----    -----      0069H    000BH
  +--> ?PR?_CRC24Q_HASH?NETSTACK_MAC
  +--> ?PR?_SWAP_CRC_BITS?NETSTACK_MAC

?PR?_CRC24Q_HASH?NETSTACK_MAC                   -----    -----      0074H    000CH
  +--> ?PR?_REFLECTED?NETSTACK_MAC
  +--> ?CO?NETSTACK_MAC

?PR?_SWAP_CRC_BITS?NETSTACK_MAC                 -----    -----      -----    -----
  +--> ?PR?_SWAP_BITS?NETSTACK_MAC

?PR?MAC_LOAD_PACKET?NETSTACK_MAC                -----    -----      005FH    0003H
  +--> ?PR?_PHY_WRITE_REG_BIT?NETSTACK_PHY
  +--> ?PR?_PHY_WRITE_REG?NETSTACK_PHY
  +--> ?PR?_PHY_WRITE_FIFO?NETSTACK_PHY
BL51 BANKED LINKER/LOCATER V6.22                                                      07/19/2019  12:30:14  PAGE 8



?PR?_PHY_WRITE_FIFO?NETSTACK_PHY                0066H    0001H      0062H    0005H
  +--> ?PR?_DELAY_US?DELAY
  +--> ?PR?_SPI_READ_WRITE?SPI

?PR?_MAC_SEND_PACKET?NETSTACK_MAC               -----    -----      005FH    0001H
  +--> ?CO?NETSTACK_MAC
  +--> ?PR?_PHY_WRITE_REG?NETSTACK_PHY
  +--> ?PR?_TPL_TX_MODE?NETSTACK_MAC
  +--> ?PR?_DELAY_0_5_MS?DELAY

?PR?_TPL_TX_MODE?NETSTACK_MAC                   -----    -----      -----    -----
  +--> ?PR?_PHY_WRITE_REG?NETSTACK_PHY
  +--> ?PR?_PHY_WRITE_REG_BIT?NETSTACK_PHY

?PR?_DELAY_0_5_MS?DELAY                         -----    -----      0060H    0002H
  +--> ?PR?_DELAY_US?DELAY

?PR?_OS_TASK_ADD?OS                             0066H    0001H      0056H    0005H

?PR?APP_INIT?NETSTACK_APP                       -----    -----      -----    -----
  +--> ?PR?PWM_INIT?NETSTACK_APP
  +--> ?PR?NET_GET_ADV_PARAM_BUF?NETSTACK_NET
  +--> ?PR?_NET_SET_ADV_PARAM_LEN?NETSTACK_NET
  +--> ?CO?NETSTACK_APP
  +--> ?PR?F_OPENLED?NETSTACK_APP

?PR?F_OPENLED?NETSTACK_APP                      -----    -----      -----    -----
  +--> ?PR?_F_COUNTDATA?NETSTACK_APP

?PR?_F_COUNTDATA?NETSTACK_APP                   -----    -----      0056H    000BH

?PR?MAC_PROCESS?NETSTACK_MAC                    -----    -----      -----    -----
  +--> ?PR?_PHY_READ_REG?NETSTACK_PHY
  +--> ?PR?MAC_PACKET_DEAL?NETSTACK_MAC

?PR?MAC_PACKET_DEAL?NETSTACK_MAC                -----    -----      0041H    0003H
  +--> ?PR?_PHY_WRITE_REG_BIT?NETSTACK_PHY
  +--> ?PR?MAC_READ_PACKET?NETSTACK_MAC
  +--> ?PR?_NET_INPUT?NETSTACK_NET
  +--> ?PR?_MAC_LISTEN_PACKET?NETSTACK_MAC

?PR?MAC_READ_PACKET?NETSTACK_MAC                -----    -----      0044H    000BH
  +--> ?PR?_PHY_READ_REG?NETSTACK_PHY
  +--> ?PR?_PHY_READ_FIFO?NETSTACK_PHY
  +--> ?PR?_G24_CRC?NETSTACK_MAC
  +--> ?PR?_BLE_CALC_ADV_CRC_TAB?NETSTACK_MAC

?PR?_PHY_READ_FIFO?NETSTACK_PHY                 0066H    0001H      004FH    0005H
  +--> ?PR?_DELAY_US?DELAY
  +--> ?PR?_SPI_READ_WRITE?SPI

?PR?_G24_CRC?NETSTACK_MAC                       -----    -----      004FH    0004H

?PR?_NET_INPUT?NETSTACK_NET                     -----    -----      0044H    0007H
  +--> ?PR?_NET_DECENCRYPT?NETSTACK_NET
  +--> ?PR?_NET_RX_EXIST?NETSTACK_NET
BL51 BANKED LINKER/LOCATER V6.22                                                      07/19/2019  12:30:14  PAGE 9


  +--> ?PR?_NET_OUTPUT?NETSTACK_NET
  +--> ?PR?_NET_GROUP_EXIST?NETSTACK_NET
  +--> ?PR?_NET_CTL_DEL?NETSTACK_NET

?PR?_NET_RX_EXIST?NETSTACK_NET                  -----    -----      004BH    0005H

?PR?_NET_GROUP_EXIST?NETSTACK_NET               -----    -----      0051H    0008H
  +--> ?PR?_FLASH_READ_BUF?FLASH

?PR?_NET_CTL_DEL?NETSTACK_NET                   -----    -----      004BH    0006H
  +--> ?PR?NET_UPDAT_LOCAL_INFO?NETSTACK_NET
  +--> ?PR?_NET_ADDR_FILL?NETSTACK_NET
  +--> ?PR?_NET_OUTPUT?NETSTACK_NET
  +--> ?PR?_APP_INPUT?NETSTACK_APP
  +--> ?PR?_MAC_SET_POWER?NETSTACK_MAC
  +--> ?PR?_NET_SET_DEVICE_STA?NETSTACK_NET
  +--> ?PR?NET_CLEAR_NETWORK?NETSTACK_NET
  +--> ?PR?_OS_TASK_ADD?OS
  +--> ?PR?_NET_GROUP_EXIST?NETSTACK_NET
  +--> ?PR?_NET_GROUP_ADD?NETSTACK_NET
  +--> ?PR?_NET_GROUP_REMOVE?NETSTACK_NET
  +--> ?PR?_NET_GROUP_CLEAR?NETSTACK_NET
  +--> ?PR?_NET_UPDAT_PEER_ADDR?NETSTACK_NET
  +--> ?PR?_FLASH_ERASE_SECTION?FLASH
  +--> ?PR?_FLASH_WRITE_BUF?FLASH

?PR?_APP_INPUT?NETSTACK_APP                     -----    -----      0051H    0005H
  +--> ?PR?F_OPENLED?NETSTACK_APP
  +--> ?PR?LED_FLASH?NETSTACK_APP
  +--> ?PR?_OS_TASK_ADD?OS
  +--> ?PR?F_CLOSELED?NETSTACK_APP
  +--> ?PR?F_SETBRIGHTTONEVALUE?NETSTACK_APP
  +--> ?PR?F_BRIGHTUP?NETSTACK_APP
  +--> ?PR?F_BRIGHTDOWN?NETSTACK_APP
  +--> ?PR?F_TONEUP?NETSTACK_APP
  +--> ?PR?F_TONEDOWN?NETSTACK_APP
  +--> ?CO?NETSTACK_APP
  +--> ?PR?APP_SET_DEF_PWM?NETSTACK_APP

?PR?LED_FLASH?NETSTACK_APP                      -----    -----      -----    -----
  +--> ?PR?_OS_TASK_ADD?OS

?PR?F_SETBRIGHTTONEVALUE?NETSTACK_APP           -----    -----      -----    -----
  +--> ?PR?_F_COUNTDATA?NETSTACK_APP

?PR?F_BRIGHTUP?NETSTACK_APP                     -----    -----      -----    -----
  +--> ?PR?_F_COUNTDATA?NETSTACK_APP

?PR?F_BRIGHTDOWN?NETSTACK_APP                   -----    -----      -----    -----
  +--> ?PR?_F_COUNTDATA?NETSTACK_APP

?PR?F_TONEUP?NETSTACK_APP                       -----    -----      -----    -----
  +--> ?PR?_F_COUNTDATA?NETSTACK_APP

?PR?F_TONEDOWN?NETSTACK_APP                     -----    -----      -----    -----
  +--> ?PR?_F_COUNTDATA?NETSTACK_APP

BL51 BANKED LINKER/LOCATER V6.22                                                      07/19/2019  12:30:14  PAGE 10


?PR?_MAC_SET_POWER?NETSTACK_MAC                 -----    -----      -----    -----
  +--> ?PR?_PHY_WRITE_REG?NETSTACK_PHY

?PR?NET_CLEAR_NETWORK?NETSTACK_NET              -----    -----      -----    -----
  +--> ?PR?_FLASH_ERASE_SECTION?FLASH
  +--> ?PR?RESETNOREADOPTION?SYSTEM

?PR?_NET_GROUP_REMOVE?NETSTACK_NET              -----    -----      0051H    000AH
  +--> ?PR?_FLASH_READ_BUF?FLASH
  +--> ?PR?_FLASH_ERASE_SECTION?FLASH
  +--> ?PR?_FLASH_WRITE_BUF?FLASH
  +--> ?PR?NET_UPDAT_LOCAL_INFO?NETSTACK_NET

?PR?_NET_GROUP_CLEAR?NETSTACK_NET               -----    -----      0051H    000AH
  +--> ?PR?_FLASH_READ_BUF?FLASH
  +--> ?PR?_FLASH_ERASE_SECTION?FLASH
  +--> ?PR?_FLASH_WRITE_BUF?FLASH
  +--> ?PR?NET_UPDAT_LOCAL_INFO?NETSTACK_NET

?PR?_NET_UPDAT_PEER_ADDR?NETSTACK_NET           -----    -----      0051H    000AH
  +--> ?PR?_FLASH_READ_BUF?FLASH
  +--> ?PR?_FLASH_ERASE_SECTION?FLASH
  +--> ?PR?_FLASH_WRITE_BUF?FLASH
  +--> ?PR?NET_UPDAT_LOCAL_INFO?NETSTACK_NET
  +--> ?PR?_NET_GROUP_ADD?NETSTACK_NET

?PR?OS_TASK_REMARK?OS                           0066H    0001H      -----    -----

?PR?OS_TASK_PROCESS?OS                          0066H    0001H      -----    -----

*** NEW ROOT ***************************************************

?PR?TIMER0_RPT?SYSTEM                           -----    -----      -----    -----
  +--> ?PR?SYSTEM_TDMA?SYSTEM
  +--> ?PR?F_CWRUNNING?NETSTACK_APP

?PR?F_CWRUNNING?NETSTACK_APP                    -----    -----      -----    -----
  +--> ?PR?APP_SET_DEF_PWM?NETSTACK_APP



SYMBOL TABLE OF MODULE:  .\Objects\mesh (?C_STARTUP)

  VALUE           TYPE          NAME
  ----------------------------------

  -------         MODULE        ?C_STARTUP
  C:2482H         SEGMENT       ?C_C51STARTUP
  I:006FH         SEGMENT       ?STACK
  C:0000H         PUBLIC        ?C_STARTUP
  D:00E0H         SYMBOL        ACC
  D:00F0H         SYMBOL        B
  D:0083H         SYMBOL        DPH
  D:0082H         SYMBOL        DPL
  N:0000H         SYMBOL        IBPSTACK
  N:0100H         SYMBOL        IBPSTACKTOP
  N:0080H         SYMBOL        IDATALEN
BL51 BANKED LINKER/LOCATER V6.22                                                      07/19/2019  12:30:14  PAGE 11


  C:2485H         SYMBOL        IDATALOOP
  N:0000H         SYMBOL        PBPSTACK
  N:0100H         SYMBOL        PBPSTACKTOP
  N:0000H         SYMBOL        PDATALEN
  N:0000H         SYMBOL        PDATASTART
  N:0000H         SYMBOL        PPAGE
  N:0000H         SYMBOL        PPAGEENABLE
  D:00A0H         SYMBOL        PPAGE_SFR
  D:0081H         SYMBOL        SP
  C:2482H         SYMBOL        STARTUP1
  N:0000H         SYMBOL        XBPSTACK
  N:0000H         SYMBOL        XBPSTACKTOP
  N:0000H         SYMBOL        XDATALEN
  N:0000H         SYMBOL        XDATASTART
  C:0000H         LINE#         126
  C:2482H         LINE#         168
  C:2484H         LINE#         169
  C:2485H         LINE#         170
  C:2486H         LINE#         171
  C:2488H         LINE#         220
  C:248BH         LINE#         231
  -------         ENDMOD        ?C_STARTUP

  -------         MODULE        MAIN
  C:0000H         SYMBOL        _ICE_DUMMY_
  X:FF08H         PUBLIC        P1M0
  X:FF01H         PUBLIC        P0M1
  X:FF10H         PUBLIC        P2M0
  X:FF02H         PUBLIC        P0M2
  D:0080H         PUBLIC        P0
  X:FF11H         PUBLIC        P2M1
  X:FF03H         PUBLIC        P0M3
  D:0090H         PUBLIC        P1
  X:FF12H         PUBLIC        P2M2
  D:00A0H         PUBLIC        P2
  X:FF13H         PUBLIC        P2M3
  D:00A8H         PUBLIC        IE
  D:00F8H         PUBLIC        RSTFR
  X:FF91H         PUBLIC        PWM01_MAP
  X:FF95H         PUBLIC        PWM11_MAP
  X:FF99H         PUBLIC        PWM21_MAP
  X:FE89H         PUBLIC        S2CON2
  X:FEA2H         PUBLIC        CRCC
  X:FE85H         PUBLIC        T5CON1
  X:FFA5H         PUBLIC        SCK_MAP
  C:3299H         PUBLIC        main
  X:FEA4H         PUBLIC        BORC
  X:FFA1H         PUBLIC        RXD_MAP
  X:FEA5H         PUBLIC        BORDBC
  X:FFA0H         PUBLIC        TXD_MAP
  X:FEA7H         PUBLIC        LVDDBC
  X:FEB8H         PUBLIC        PINTE0
  X:FEB9H         PUBLIC        PINTE1
  D:00BDH         PUBLIC        WDTC
  D:0098H         PUBLIC        SCON
  D:0088H         PUBLIC        TCON
  X:FE95H         PUBLIC        SPOV_RSTEN
BL51 BANKED LINKER/LOCATER V6.22                                                      07/19/2019  12:30:14  PAGE 12


  X:FE9BH         PUBLIC        ADCC2
  X:FE91H         PUBLIC        CLKDIV
  D:00B8H         PUBLIC        IE1
  X:FF80H         PUBLIC        T0_MAP
  X:FF81H         PUBLIC        T1_MAP
  X:FEAAH         PUBLIC        RSTDBC
  X:FF83H         PUBLIC        T3_MAP
  X:FF84H         PUBLIC        T4_MAP
  X:FF85H         PUBLIC        T5_MAP
  X:FEA0H         PUBLIC        WDTCCR
  X:FE93H         PUBLIC        CLKOUT
  X:FFA9H         PUBLIC        RXD2_MAP
  X:FFA8H         PUBLIC        TXD2_MAP
  X:FE98H         PUBLIC        ADCWC
  X:FE8AH         PUBLIC        S2BUF
  X:FF90H         PUBLIC        PWM0_MAP
  X:FFA4H         PUBLIC        SS_MAP
  X:FF94H         PUBLIC        PWM1_MAP
  X:FF98H         PUBLIC        PWM2_MAP
  X:FE88H         PUBLIC        S2CON
  X:FE80H         PUBLIC        TCON1
  X:FF9CH         PUBLIC        PWM3_MAP
  X:FF8FH         PUBLIC        CLKO_MAP
  X:FEBCH         PUBLIC        INT01_PINS
  X:FE92H         PUBLIC        FREQ_CLK
  X:FEB0H         PUBLIC        PITS0
  X:FF05H         PUBLIC        P0LPU
  X:FEB1H         PUBLIC        PITS1
  X:FEB2H         PUBLIC        PITS2
  X:FEB3H         PUBLIC        PITS3
  X:FFA7H         PUBLIC        MISO_MAP
  X:FFA6H         PUBLIC        MOSI_MAP
  X:FF40H         PUBLIC        P00DBC
  D:00D0H         PUBLIC        PSW
  X:FF41H         PUBLIC        P01DBC
  X:FF42H         PUBLIC        P02DBC
  X:FF00H         PUBLIC        P0M0
  -------         PROC          MAIN
  C:3299H         LINE#         49
  C:3299H         LINE#         50
  C:3299H         LINE#         51
  C:329CH         LINE#         52
  C:329FH         LINE#         53
  C:32A2H         LINE#         54
  C:32A5H         LINE#         55
  C:32A8H         LINE#         56
  C:32ABH         LINE#         57
  C:32AEH         LINE#         58
  C:32B1H         LINE#         60
  C:32B1H         LINE#         61
  C:32B4H         LINE#         62
  C:32B7H         LINE#         63
  C:32BAH         LINE#         64
  C:32BDH         LINE#         65
  C:32C0H         LINE#         68
  -------         ENDPROC       MAIN
  -------         ENDMOD        MAIN
BL51 BANKED LINKER/LOCATER V6.22                                                      07/19/2019  12:30:14  PAGE 13



  -------         MODULE        DELAY
  C:0000H         SYMBOL        _ICE_DUMMY_
  C:32EBH         PUBLIC        _delay_ms
  C:3521H         PUBLIC        _delay_us
  C:3312H         PUBLIC        _delay_0_5_ms
  -------         PROC          _DELAY_US
  D:0006H         SYMBOL        t
  C:3521H         LINE#         19
  C:3521H         LINE#         20
  C:3521H         LINE#         21
  C:352BH         LINE#         22
  -------         ENDPROC       _DELAY_US
  -------         PROC          _DELAY_MS
  X:0041H         SYMBOL        t
  -------         DO            
  D:0002H         SYMBOL        i
  -------         ENDDO         
  C:32EBH         LINE#         29
  C:32F3H         LINE#         30
  C:32F3H         LINE#         32
  C:3303H         LINE#         33
  C:3311H         LINE#         34
  -------         ENDPROC       _DELAY_MS
  -------         PROC          _DELAY_0_5_MS
  X:0060H         SYMBOL        t
  -------         DO            
  D:0002H         SYMBOL        i
  -------         ENDDO         
  C:3312H         LINE#         41
  C:331AH         LINE#         42
  C:331AH         LINE#         44
  C:332AH         LINE#         45
  C:3338H         LINE#         46
  -------         ENDPROC       _DELAY_0_5_MS
  -------         ENDMOD        DELAY

  -------         MODULE        SPI
  C:0000H         SYMBOL        _ICE_DUMMY_
  D:0080H         PUBLIC        P0
  D:0090H         PUBLIC        P1
  D:00A0H         PUBLIC        P2
  D:00ACH         PUBLIC        SPCTL
  D:00A8H         PUBLIC        IE
  D:00F8H         PUBLIC        RSTFR
  B:0080H.5       PUBLIC        P0_5
  D:0098H         PUBLIC        SCON
  D:0088H         PUBLIC        TCON
  C:3106H         SYMBOL        spi_config_gpio
  D:00B8H         PUBLIC        IE1
  C:34B1H         PUBLIC        _spi_read_write
  D:00ADH         PUBLIC        SPSTAT
  C:3541H         PUBLIC        spi_init
  D:00D0H         PUBLIC        PSW
  D:00ABH         PUBLIC        SPDAT
  -------         PROC          SPI_CONFIG_GPIO
  C:3106H         LINE#         35
BL51 BANKED LINKER/LOCATER V6.22                                                      07/19/2019  12:30:14  PAGE 14


  C:3106H         LINE#         36
  C:3106H         LINE#         37
  C:310FH         LINE#         40
  C:3118H         LINE#         41
  C:311EH         LINE#         42
  C:3124H         LINE#         44
  C:312AH         LINE#         45
  C:3130H         LINE#         46
  C:3136H         LINE#         47
  C:313CH         LINE#         49
  -------         ENDPROC       SPI_CONFIG_GPIO
  -------         PROC          SPI_INIT
  C:3541H         LINE#         57
  C:3541H         LINE#         58
  C:3541H         LINE#         60
  C:3544H         LINE#         61
  C:3546H         LINE#         62
  C:3549H         LINE#         64
  -------         ENDPROC       SPI_INIT
  -------         PROC          _SPI_READ_WRITE
  D:0007H         SYMBOL        val
  -------         DO            
  D:006AH         SYMBOL        dat
  -------         ENDDO         
  C:34B1H         LINE#         72
  C:34B1H         LINE#         73
  C:34B1H         LINE#         75
  C:34B3H         LINE#         76
  C:34B8H         LINE#         77
  C:34BBH         LINE#         78
  C:34BEH         LINE#         79
  C:34C0H         LINE#         80
  -------         ENDPROC       _SPI_READ_WRITE
  -------         ENDMOD        SPI

  -------         MODULE        FLASH
  C:0000H         SYMBOL        _ICE_DUMMY_
  D:0080H         PUBLIC        P0
  D:0090H         PUBLIC        P1
  D:00A0H         PUBLIC        P2
  B:00A8H.7       PUBLIC        EA
  D:00A8H         PUBLIC        IE
  D:00FCH         PUBLIC        IAP_CMD
  D:00F8H         PUBLIC        RSTFR
  C:2F2AH         PUBLIC        _flash_read_mac_addr
  C:3174H         PUBLIC        _flash_crc
  C:2FE9H         PUBLIC        _flash_read_buf
  D:0098H         PUBLIC        SCON
  D:0088H         PUBLIC        TCON
  C:305EH         PUBLIC        _flash_write_buf
  D:00B8H         PUBLIC        IE1
  D:00FBH         PUBLIC        IAP_DATA
  D:00F9H         PUBLIC        IAP_ADDR
  C:33A3H         PUBLIC        _flash_erase_section
  D:00D0H         PUBLIC        PSW
  -------         PROC          _FLASH_ERASE_SECTION
  D:0006H         SYMBOL        addr
BL51 BANKED LINKER/LOCATER V6.22                                                      07/19/2019  12:30:14  PAGE 15


  C:33A3H         LINE#         20
  C:33A3H         LINE#         21
  C:33A3H         LINE#         22
  C:33A5H         LINE#         23
  C:33ABH         LINE#         24
  C:33AFH         LINE#         25
  C:33B5H         LINE#         26
  C:33BBH         LINE#         27
  C:33BDH         LINE#         28
  -------         ENDPROC       _FLASH_ERASE_SECTION
  -------         PROC          _FLASH_READ_BUF
  D:0006H         SYMBOL        addr
  X:005DH         SYMBOL        buf
  X:0060H         SYMBOL        len
  C:2FE9H         LINE#         37
  C:2FF4H         LINE#         38
  C:2FF4H         LINE#         40
  C:2FFEH         LINE#         41
  C:3023H         LINE#         42
  -------         ENDPROC       _FLASH_READ_BUF
  -------         PROC          _FLASH_WRITE_BUF
  D:0006H         SYMBOL        addr
  D:0001H         SYMBOL        buf
  X:0060H         SYMBOL        len
  C:305EH         LINE#         52
  C:305EH         LINE#         53
  C:305EH         LINE#         54
  C:3060H         LINE#         55
  C:306AH         LINE#         56
  C:306AH         LINE#         57
  C:306FH         LINE#         58
  C:3075H         LINE#         59
  C:3079H         LINE#         60
  C:307FH         LINE#         61
  C:3085H         LINE#         62
  C:308AH         LINE#         63
  C:3091H         LINE#         64
  C:3093H         LINE#         65
  C:3095H         LINE#         66
  -------         ENDPROC       _FLASH_WRITE_BUF
  -------         PROC          _FLASH_READ_MAC_ADDR
  X:0041H         SYMBOL        addr
  D:0001H         SYMBOL        buf
  -------         DO            
  X:0043H         SYMBOL        i
  -------         ENDDO         
  C:2F2AH         LINE#         74
  C:2F32H         LINE#         75
  C:2F32H         LINE#         77
  C:2F3FH         LINE#         78
  C:2F63H         LINE#         79
  C:2F6BH         LINE#         80
  -------         ENDPROC       _FLASH_READ_MAC_ADDR
  -------         PROC          _FLASH_CRC
  X:005BH         SYMBOL        dat
  X:005EH         SYMBOL        len
  -------         DO            
BL51 BANKED LINKER/LOCATER V6.22                                                      07/19/2019  12:30:14  PAGE 16


  D:0006H         SYMBOL        i
  D:0007H         SYMBOL        crc
  -------         ENDDO         
  C:3174H         LINE#         88
  C:3182H         LINE#         89
  C:3182H         LINE#         91
  C:3184H         LINE#         92
  C:318FH         LINE#         93
  C:31A4H         LINE#         94
  C:31A7H         LINE#         96
  C:31A7H         LINE#         97
  -------         ENDPROC       _FLASH_CRC
  -------         ENDMOD        FLASH

  -------         MODULE        SYSTEM
  C:0000H         SYMBOL        _ICE_DUMMY_
  D:0080H         PUBLIC        P0
  D:0090H         PUBLIC        P1
  D:00A0H         PUBLIC        P2
  B:00A8H.7       PUBLIC        EA
  D:00A8H         PUBLIC        IE
  D:00FCH         PUBLIC        IAP_CMD
  D:00F8H         PUBLIC        RSTFR
  C:34D1H         PUBLIC        system_tdma
  D:00BDH         PUBLIC        WDTC
  D:0098H         PUBLIC        SCON
  D:0089H         PUBLIC        TMOD
  D:0088H         PUBLIC        TCON
  D:008FH         PUBLIC        CLKCON
  D:00B8H         PUBLIC        IE1
  C:313DH         PUBLIC        system_init
  C:34FBH         PUBLIC        ResetNoReadOption
  C:28B7H         PUBLIC        TIMER0_Rpt
  D:008CH         PUBLIC        TH0
  D:008AH         PUBLIC        TL0
  D:008EH         PUBLIC        CLKSWR
  C:3537H         PUBLIC        wdt_init
  D:006BH         PUBLIC        g_time
  D:00D0H         PUBLIC        PSW
  -------         PROC          SYSTEM_INIT
  C:313DH         LINE#         28
  C:313DH         LINE#         29
  C:313DH         LINE#         31
  C:3142H         LINE#         32
  C:3147H         LINE#         33
  C:314AH         LINE#         34
  C:3152H         LINE#         35
  C:3158H         LINE#         36
  C:315EH         LINE#         39
  C:3163H         LINE#         40
  C:3165H         LINE#         51
  C:3168H         LINE#         52
  C:316BH         LINE#         53
  C:316EH         LINE#         54
  C:3171H         LINE#         56
  C:3173H         LINE#         57
  -------         ENDPROC       SYSTEM_INIT
BL51 BANKED LINKER/LOCATER V6.22                                                      07/19/2019  12:30:14  PAGE 17


  -------         PROC          WDT_INIT
  C:3537H         LINE#         64
  C:3537H         LINE#         65
  C:3537H         LINE#         66
  C:353AH         LINE#         67
  C:3540H         LINE#         68
  -------         ENDPROC       WDT_INIT
  -------         PROC          TIMER0_RPT
  C:28B7H         LINE#         75
  C:28D4H         LINE#         77
  C:28EDH         LINE#         78
  C:28F3H         LINE#         80
  C:2914H         LINE#         81
  C:2917H         LINE#         83
  C:2917H         LINE#         84
  C:291AH         LINE#         85
  -------         ENDPROC       TIMER0_RPT
  -------         PROC          SYSTEM_TDMA
  C:34D1H         LINE#         92
  C:34D1H         LINE#         93
  C:34D1H         LINE#         94
  C:34DEH         LINE#         95
  -------         ENDPROC       SYSTEM_TDMA
  -------         PROC          RESETNOREADOPTION
  C:34FBH         LINE#         103
  C:34FBH         LINE#         104
  C:34FBH         LINE#         105
  C:3501H         LINE#         106
  C:3507H         LINE#         107
  -------         ENDPROC       RESETNOREADOPTION
  -------         ENDMOD        SYSTEM

  -------         MODULE        NETSTACK_APP
  C:0000H         SYMBOL        _ICE_DUMMY_
  C:3096H         PUBLIC        _F_FlashFuntion
  D:0080H         PUBLIC        P0
  D:0090H         PUBLIC        P1
  D:00A0H         PUBLIC        P2
  C:250EH         PUBLIC        F_ToneUp
  D:00E7H         PUBLIC        PWM0DTH
  X:0080H         PUBLIC        r_tone
  D:00E6H         PUBLIC        PWM0DTL
  X:0081H         PUBLIC        r_c_nowvalue
  D:00A8H         PUBLIC        IE
  B:0080H.0       PUBLIC        P0_0
  D:00F8H         PUBLIC        RSTFR
  C:16BFH         PUBLIC        F_CheckClearNet
  X:0083H         PUBLIC        flash_count
  X:0084H         PUBLIC        r_w_nowvalue
  C:26A8H         PUBLIC        F_BrightDown
  C:2064H         PUBLIC        F_CWRunning
  C:3554H         PUBLIC        app_process
  C:2EA0H         PUBLIC        led_flash
  X:0086H         PUBLIC        r_poweroncnt
  X:0087H         PUBLIC        r_systemtime
  X:0088H         PUBLIC        r_waittimes
  D:00E5H         PUBLIC        PWM0DH
BL51 BANKED LINKER/LOCATER V6.22                                                      07/19/2019  12:30:14  PAGE 18


  D:00BDH         PUBLIC        WDTC
  D:0098H         PUBLIC        SCON
  X:0089H         PUBLIC        led_sta_t
  D:0088H         PUBLIC        TCON
  C:3465H         PUBLIC        F_CloseLed
  D:00E4H         PUBLIC        PWM0DL
  X:008CH         PUBLIC        r_ac_dbs_free
  C:2E57H         SYMBOL        app_set_def_pwm
  D:00E1H         PUBLIC        PWM0EN
  D:00E3H         PUBLIC        PWM0PH
  D:00B8H         PUBLIC        IE1
  X:008DH         PUBLIC        r_autosave
  X:008FH         PUBLIC        r_acpower_ready
  D:00E2H         PUBLIC        PWM0PL
  X:0090H         PUBLIC        r_runflag
  C:22A7H         PUBLIC        _F_Countdata
  C:2622H         PUBLIC        F_BrightUp
  C:3451H         PUBLIC        F_OpenLed
  C:348DH         PUBLIC        F_SetBrightToneValue
  X:0091H         PUBLIC        r_nowcount
  X:0092H         PUBLIC        r_c_needvalue
  X:0094H         PUBLIC        r_bright
  C:1251H         PUBLIC        _app_input
  C:34DFH         PUBLIC        _app_output
  C:2834H         PUBLIC        F_ToneDown
  C:2A14H         PUBLIC        app_init
  C:30CEH         PUBLIC        F_AcPowerDect
  D:00DAH         PUBLIC        PWM0C
  X:0095H         PUBLIC        r_w_needvalue
  X:0097H         PUBLIC        r_ac_dbs_in
  C:320EH         PUBLIC        PWM_Init
  X:0098H         PUBLIC        r_acin
  C:2C1BH         PUBLIC        F_Autosave
  X:0099H         PUBLIC        r_runningflag
  C:32C3H         PUBLIC        F_SwitchOnOff
  D:00D0H         PUBLIC        PSW
  C:3515H         PUBLIC        led_key_model_val
  -------         PROC          APP_SET_DEF_PWM
  C:2E57H         LINE#         91
  C:2E57H         LINE#         92
  C:2E57H         LINE#         93
  C:2E7FH         LINE#         94
  C:2E8CH         LINE#         95
  C:2E8FH         LINE#         96
  C:2E9CH         LINE#         97
  C:2E9FH         LINE#         98
  C:2E9FH         LINE#         99
  -------         ENDPROC       APP_SET_DEF_PWM
  -------         PROC          F_CHECKCLEARNET
  C:16BFH         LINE#         106
  C:16BFH         LINE#         107
  C:16BFH         LINE#         108
  C:16C8H         LINE#         109
  C:16D2H         LINE#         110
  C:16E0H         LINE#         111
  C:16E0H         LINE#         112
  C:16F6H         LINE#         113
BL51 BANKED LINKER/LOCATER V6.22                                                      07/19/2019  12:30:14  PAGE 19


  C:1700H         LINE#         114
  C:1708H         LINE#         116
  C:1710H         LINE#         117
  C:1710H         LINE#         118
  C:1716H         LINE#         119
  C:1716H         LINE#         120
  C:1721H         LINE#         121
  C:1721H         LINE#         122
  C:1724H         LINE#         123
  C:1724H         LINE#         124
  C:1729H         LINE#         125
  C:172CH         LINE#         126
  C:1732H         LINE#         128
  C:173EH         LINE#         129
  C:173EH         LINE#         130
  C:1744H         LINE#         131
  C:1748H         LINE#         133
  C:174AH         LINE#         134
  C:174DH         LINE#         135
  C:174DH         LINE#         136
  C:1752H         LINE#         137
  C:1758H         LINE#         138
  C:175AH         LINE#         139
  C:175DH         LINE#         140
  C:175DH         LINE#         141
  C:1763H         LINE#         142
  C:1769H         LINE#         143
  C:176BH         LINE#         144
  C:176EH         LINE#         145
  C:176EH         LINE#         146
  C:1774H         LINE#         147
  C:177AH         LINE#         148
  C:177CH         LINE#         149
  C:1783H         LINE#         150
  C:1783H         LINE#         151
  C:1789H         LINE#         152
  C:178DH         LINE#         153
  C:1790H         LINE#         154
  C:179FH         LINE#         155
  C:17AEH         LINE#         156
  C:17B1H         LINE#         158
  C:17B6H         LINE#         159
  C:17B9H         LINE#         160
  C:17B9H         LINE#         161
  C:17B9H         LINE#         163
  C:17C1H         LINE#         164
  C:17C4H         LINE#         165
  C:17C7H         LINE#         166
  C:17D6H         LINE#         167
  C:17E5H         LINE#         168
  C:17E8H         LINE#         170
  C:17FBH         LINE#         172
  -------         ENDPROC       F_CHECKCLEARNET
  -------         PROC          F_SWITCHONOFF
  C:32C3H         LINE#         180
  C:32C3H         LINE#         181
  C:32C3H         LINE#         182
BL51 BANKED LINKER/LOCATER V6.22                                                      07/19/2019  12:30:14  PAGE 20


  C:32C9H         LINE#         183
  C:32C9H         LINE#         184
  C:32CFH         LINE#         185
  C:32CFH         LINE#         186
  C:32D1H         LINE#         187
  C:32D4H         LINE#         188
  C:32D7H         LINE#         189
  C:32DCH         LINE#         190
  C:32DCH         LINE#         191
  C:32DDH         LINE#         193
  C:32DDH         LINE#         194
  C:32E2H         LINE#         195
  C:32E7H         LINE#         196
  C:32EAH         LINE#         197
  C:32EAH         LINE#         198
  -------         ENDPROC       F_SWITCHONOFF
  -------         PROC          F_AUTOSAVE
  C:2C1BH         LINE#         207
  C:2C1BH         LINE#         208
  C:2C1BH         LINE#         209
  C:2C23H         LINE#         210
  C:2C23H         LINE#         211
  C:2C26H         LINE#         212
  C:2C30H         LINE#         213
  C:2C30H         LINE#         214
  C:2C3EH         LINE#         215
  C:2C45H         LINE#         216
  C:2C45H         LINE#         217
  C:2C5CH         LINE#         218
  C:2C66H         LINE#         223
  C:2C6CH         LINE#         224
  C:2C70H         LINE#         225
  C:2C73H         LINE#         226
  C:2C73H         LINE#         227
  C:2C73H         LINE#         228
  C:2C73H         LINE#         230
  -------         ENDPROC       F_AUTOSAVE
  -------         PROC          _F_FLASHFUNTION
  X:00B9H         SYMBOL        x
  C:3096H         LINE#         238
  C:309BH         LINE#         239
  C:309BH         LINE#         240
  C:30A1H         LINE#         241
  C:30A7H         LINE#         242
  C:30A7H         LINE#         243
  C:30AAH         LINE#         244
  C:30ADH         LINE#         245
  C:30B3H         LINE#         246
  C:30B6H         LINE#         247
  C:30B9H         LINE#         248
  C:30C0H         LINE#         249
  C:30C6H         LINE#         250
  C:30C8H         LINE#         251
  C:30CDH         LINE#         252
  -------         ENDPROC       _F_FLASHFUNTION
  -------         PROC          APP_PROCESS
  C:3554H         LINE#         263
BL51 BANKED LINKER/LOCATER V6.22                                                      07/19/2019  12:30:14  PAGE 21


  C:3554H         LINE#         264
  C:3554H         LINE#         267
  -------         ENDPROC       APP_PROCESS
  -------         PROC          LED_FLASH
  C:2EA0H         LINE#         283
  C:2EA0H         LINE#         284
  C:2EA0H         LINE#         285
  C:2EB4H         LINE#         286
  C:2EBBH         LINE#         287
  C:2EBEH         LINE#         288
  C:2EC0H         LINE#         289
  C:2EC8H         LINE#         290
  C:2ECBH         LINE#         291
  C:2ECBH         LINE#         292
  C:2ED4H         LINE#         293
  C:2ED7H         LINE#         294
  C:2EE4H         LINE#         295
  C:2EE4H         LINE#         296
  -------         ENDPROC       LED_FLASH
  -------         PROC          APP_INIT
  C:2A14H         LINE#         303
  C:2A14H         LINE#         304
  C:2A14H         LINE#         307
  C:2A1BH         LINE#         309
  C:2A22H         LINE#         310
  C:2A28H         LINE#         311
  C:2A2EH         LINE#         312
  C:2A34H         LINE#         313
  C:2A38H         LINE#         314
  C:2A3BH         LINE#         317
  C:2A49H         LINE#         319
  C:2A4DH         LINE#         321
  C:2A52H         LINE#         324
  C:2A65H         LINE#         330
  C:2A6EH         LINE#         331
  C:2A77H         LINE#         332
  C:2A7AH         LINE#         334
  C:2A7FH         LINE#         337
  C:2A80H         LINE#         338
  -------         ENDPROC       APP_INIT
  -------         PROC          _APP_INPUT
  X:0051H         SYMBOL        net_pdu
  -------         DO            
  X:0054H         SYMBOL        keytemp
  X:0055H         SYMBOL        res
  -------         ENDDO         
  C:1251H         LINE#         349
  C:125CH         LINE#         350
  C:125CH         LINE#         351
  C:125FH         LINE#         352
  C:1261H         LINE#         353
  C:12A8H         LINE#         354
  C:12A8H         LINE#         356
  C:12AEH         LINE#         357
  C:12C1H         LINE#         358
  C:12C1H         LINE#         359
  C:12C8H         LINE#         360
BL51 BANKED LINKER/LOCATER V6.22                                                      07/19/2019  12:30:14  PAGE 22


  C:12CBH         LINE#         361
  C:12CBH         LINE#         365
  C:12D8H         LINE#         366
  C:12DBH         LINE#         367
  C:12DBH         LINE#         368
  C:12EEH         LINE#         369
  C:1312H         LINE#         370
  C:1315H         LINE#         371
  C:131BH         LINE#         372
  C:131EH         LINE#         373
  C:131EH         LINE#         374
  C:1330H         LINE#         375
  C:1354H         LINE#         376
  C:1357H         LINE#         377
  C:135DH         LINE#         379
  C:1360H         LINE#         380
  C:1360H         LINE#         381
  C:1376H         LINE#         382
  C:1388H         LINE#         383
  C:138BH         LINE#         386
  C:138EH         LINE#         387
  C:138EH         LINE#         388
  C:1391H         LINE#         389
  C:1394H         LINE#         390
  C:1394H         LINE#         391
  C:1397H         LINE#         392
  C:139AH         LINE#         393
  C:139AH         LINE#         394
  C:13B0H         LINE#         395
  C:13C2H         LINE#         396
  C:13C5H         LINE#         397
  C:13C8H         LINE#         398
  C:13C8H         LINE#         399
  C:13CBH         LINE#         400
  C:13CEH         LINE#         401
  C:13CEH         LINE#         402
  C:13D1H         LINE#         403
  C:13D4H         LINE#         404
  C:13D4H         LINE#         405
  C:13E7H         LINE#         406
  C:1417H         LINE#         407
  C:142DH         LINE#         408
  C:1432H         LINE#         409
  C:1433H         LINE#         410
  C:1439H         LINE#         411
  C:144FH         LINE#         412
  C:1461H         LINE#         413
  C:1461H         LINE#         414
  C:1464H         LINE#         415
  C:1467H         LINE#         417
  C:147AH         LINE#         418
  C:147AH         LINE#         419
  C:147AH         LINE#         421
  C:147AH         LINE#         423
  C:147AH         LINE#         425
  C:1491H         LINE#         426
  C:149BH         LINE#         430
BL51 BANKED LINKER/LOCATER V6.22                                                      07/19/2019  12:30:14  PAGE 23


  C:14A1H         LINE#         431
  C:14A6H         LINE#         432
  -------         ENDPROC       _APP_INPUT
  -------         PROC          _APP_OUTPUT
  X:00B3H         SYMBOL        net_pdu
  C:34DFH         LINE#         442
  C:34EAH         LINE#         443
  C:34EAH         LINE#         445
  C:34ECH         LINE#         446
  -------         ENDPROC       _APP_OUTPUT
  -------         PROC          F_OPENLED
  C:3451H         LINE#         455
  C:3451H         LINE#         456
  C:3451H         LINE#         457
  C:3457H         LINE#         458
  C:3464H         LINE#         460
  -------         ENDPROC       F_OPENLED
  -------         PROC          F_CLOSELED
  C:3465H         LINE#         466
  C:3465H         LINE#         467
  C:3465H         LINE#         468
  C:346BH         LINE#         469
  C:3472H         LINE#         470
  C:3478H         LINE#         471
  -------         ENDPROC       F_CLOSELED
  -------         PROC          F_BRIGHTUP
  C:2622H         LINE#         479
  C:2622H         LINE#         480
  C:2622H         LINE#         481
  C:264DH         LINE#         482
  C:264DH         LINE#         483
  C:2682H         LINE#         484
  C:2682H         LINE#         485
  C:2689H         LINE#         486
  C:2691H         LINE#         487
  C:2691H         LINE#         488
  C:2694H         LINE#         489
  C:2694H         LINE#         491
  C:269AH         LINE#         492
  C:26A7H         LINE#         493
  C:26A7H         LINE#         494
  C:26A7H         LINE#         496
  -------         ENDPROC       F_BRIGHTUP
  -------         PROC          F_BRIGHTDOWN
  C:26A8H         LINE#         503
  C:26A8H         LINE#         504
  C:26A8H         LINE#         505
  C:26D3H         LINE#         506
  C:26D3H         LINE#         507
  C:2706H         LINE#         508
  C:2706H         LINE#         509
  C:270DH         LINE#         510
  C:2715H         LINE#         511
  C:2715H         LINE#         512
  C:2718H         LINE#         513
  C:2718H         LINE#         514
  C:271EH         LINE#         515
BL51 BANKED LINKER/LOCATER V6.22                                                      07/19/2019  12:30:14  PAGE 24


  C:272BH         LINE#         516
  C:272BH         LINE#         517
  C:272BH         LINE#         519
  -------         ENDPROC       F_BRIGHTDOWN
  -------         PROC          F_TONEUP
  C:250EH         LINE#         529
  C:250EH         LINE#         530
  C:250EH         LINE#         532
  C:2539H         LINE#         533
  C:2539H         LINE#         535
  C:256EH         LINE#         536
  C:256EH         LINE#         537
  C:2574H         LINE#         538
  C:257BH         LINE#         539
  C:2583H         LINE#         540
  C:2583H         LINE#         541
  C:2586H         LINE#         542
  C:2586H         LINE#         543
  C:258CH         LINE#         544
  C:2599H         LINE#         545
  C:2599H         LINE#         546
  C:2599H         LINE#         548
  -------         ENDPROC       F_TONEUP
  -------         PROC          F_TONEDOWN
  C:2834H         LINE#         554
  C:2834H         LINE#         555
  C:2834H         LINE#         556
  C:285FH         LINE#         557
  C:285FH         LINE#         559
  C:2892H         LINE#         560
  C:2892H         LINE#         561
  C:2899H         LINE#         562
  C:28A1H         LINE#         563
  C:28A1H         LINE#         564
  C:28A3H         LINE#         565
  C:28A3H         LINE#         566
  C:28A9H         LINE#         567
  C:28B6H         LINE#         568
  C:28B6H         LINE#         569
  C:28B6H         LINE#         570
  -------         ENDPROC       F_TONEDOWN
  -------         PROC          F_SETBRIGHTTONEVALUE
  C:348DH         LINE#         577
  C:348DH         LINE#         578
  C:348DH         LINE#         579
  C:3492H         LINE#         580
  C:349FH         LINE#         581
  -------         ENDPROC       F_SETBRIGHTTONEVALUE
  -------         PROC          F_ACPOWERDECT
  C:30CEH         LINE#         589
  C:30CEH         LINE#         590
  C:30CEH         LINE#         591
  C:30D1H         LINE#         592
  C:30D1H         LINE#         593
  C:30D7H         LINE#         594
  C:30DCH         LINE#         595
  C:30E5H         LINE#         596
BL51 BANKED LINKER/LOCATER V6.22                                                      07/19/2019  12:30:14  PAGE 25


  C:30E5H         LINE#         597
  C:30EBH         LINE#         598
  C:30EBH         LINE#         599
  C:30ECH         LINE#         601
  C:30ECH         LINE#         602
  C:30F2H         LINE#         603
  C:30F7H         LINE#         604
  C:3100H         LINE#         605
  C:3100H         LINE#         606
  C:3105H         LINE#         607
  C:3105H         LINE#         608
  C:3105H         LINE#         609
  -------         ENDPROC       F_ACPOWERDECT
  -------         PROC          F_CWRUNNING
  C:2064H         LINE#         623
  C:2064H         LINE#         624
  C:2064H         LINE#         625
  C:206AH         LINE#         627
  C:2073H         LINE#         628
  C:2073H         LINE#         629
  C:2083H         LINE#         630
  C:2083H         LINE#         631
  C:2085H         LINE#         633
  C:209BH         LINE#         634
  C:209BH         LINE#         635
  C:20A9H         LINE#         636
  C:20ABH         LINE#         637
  C:20B2H         LINE#         638
  C:20B2H         LINE#         639
  C:20C0H         LINE#         640
  C:20C0H         LINE#         641
  C:20D6H         LINE#         642
  C:20D6H         LINE#         643
  C:20E4H         LINE#         644
  C:20E6H         LINE#         645
  C:20EDH         LINE#         646
  C:20EDH         LINE#         647
  C:20FBH         LINE#         648
  C:20FBH         LINE#         650
  C:20FEH         LINE#         653
  C:2126H         LINE#         654
  C:2126H         LINE#         655
  C:212BH         LINE#         656
  C:212BH         LINE#         657
  C:212CH         LINE#         659
  C:212CH         LINE#         660
  C:2132H         LINE#         661
  C:2132H         LINE#         662
  C:2132H         LINE#         664
  -------         ENDPROC       F_CWRUNNING
  -------         PROC          _F_COUNTDATA
  X:0056H         SYMBOL        x_Bright
  D:0005H         SYMBOL        y_Tone
  -------         DO            
  X:0057H         SYMBOL        temp1
  X:005BH         SYMBOL        temp2
  X:005FH         SYMBOL        temp3
BL51 BANKED LINKER/LOCATER V6.22                                                      07/19/2019  12:30:14  PAGE 26


  D:0006H         SYMBOL        temp4
  -------         ENDDO         
  C:22A7H         LINE#         676
  C:22ACH         LINE#         677
  C:22ACH         LINE#         680
  C:22BDH         LINE#         683
  C:22CCH         LINE#         684
  C:22EDH         LINE#         689
  C:2316H         LINE#         690
  C:2339H         LINE#         692
  C:2341H         LINE#         693
  C:2350H         LINE#         694
  C:2350H         LINE#         696
  -------         ENDPROC       _F_COUNTDATA
  -------         PROC          PWM_INIT
  C:320EH         LINE#         707
  C:320EH         LINE#         708
  C:320EH         LINE#         709
  C:3217H         LINE#         710
  C:321DH         LINE#         711
  C:3223H         LINE#         712
  C:3229H         LINE#         720
  C:322CH         LINE#         721
  C:322FH         LINE#         723
  C:3232H         LINE#         724
  C:3235H         LINE#         726
  C:3237H         LINE#         727
  C:3239H         LINE#         728
  C:323BH         LINE#         729
  C:323DH         LINE#         732
  -------         ENDPROC       PWM_INIT
  -------         ENDMOD        NETSTACK_APP

  -------         MODULE        OS
  C:0000H         SYMBOL        _ICE_DUMMY_
  C:272CH         PUBLIC        _os_task_add
  X:009AH         PUBLIC        task_tick
  X:009BH         PUBLIC        task_pool
  C:2DC1H         PUBLIC        os_task_process
  C:2A81H         PUBLIC        os_task_remark
  C:34C1H         PUBLIC        os_init
  -------         PROC          OS_INIT
  C:34C1H         LINE#         23
  C:34C1H         LINE#         24
  C:34C1H         LINE#         26
  C:34D0H         LINE#         27
  -------         ENDPROC       OS_INIT
  -------         PROC          _OS_TASK_ADD
  X:0056H         SYMBOL        time
  X:0058H         SYMBOL        fun
  -------         DO            
  D:0066H         SYMBOL        i
  -------         ENDDO         
  C:272CH         LINE#         39
  C:273DH         LINE#         40
  C:273DH         LINE#         42
  C:2740H         LINE#         43
BL51 BANKED LINKER/LOCATER V6.22                                                      07/19/2019  12:30:14  PAGE 27


  C:2753H         LINE#         44
  C:2765H         LINE#         45
  C:2781H         LINE#         46
  C:27A3H         LINE#         47
  C:27A6H         LINE#         48
  C:27A6H         LINE#         49
  C:27ADH         LINE#         50
  C:27AFH         LINE#         51
  -------         ENDPROC       _OS_TASK_ADD
  -------         PROC          OS_TASK_REMARK
  -------         DO            
  D:0066H         SYMBOL        i
  -------         ENDDO         
  C:2A81H         LINE#         61
  C:2A81H         LINE#         62
  C:2A81H         LINE#         64
  C:2A87H         LINE#         65
  C:2A89H         LINE#         66
  C:2A8BH         LINE#         67
  C:2AA1H         LINE#         68
  C:2AB7H         LINE#         69
  C:2ACDH         LINE#         70
  C:2AE0H         LINE#         71
  C:2AE0H         LINE#         72
  C:2AE0H         LINE#         73
  C:2AE7H         LINE#         74
  C:2AE7H         LINE#         75
  C:2AE9H         LINE#         76
  -------         ENDPROC       OS_TASK_REMARK
  -------         PROC          OS_TASK_PROCESS
  -------         DO            
  D:0066H         SYMBOL        i
  -------         ENDDO         
  C:2DC1H         LINE#         85
  C:2DC1H         LINE#         86
  C:2DC1H         LINE#         88
  C:2DC4H         LINE#         89
  C:2DD7H         LINE#         90
  C:2DE8H         LINE#         91
  C:2E01H         LINE#         92
  C:2E01H         LINE#         93
  C:2E0AH         LINE#         94
  C:2E0CH         LINE#         95
  -------         ENDPROC       OS_TASK_PROCESS
  -------         ENDMOD        OS

  -------         MODULE        NETSTACK_PHY
  C:0000H         SYMBOL        _ICE_DUMMY_
  D:0080H         PUBLIC        P0
  D:0090H         PUBLIC        P1
  D:00A0H         PUBLIC        P2
  C:3427H         PUBLIC        _phy_write_reg
  D:00A8H         PUBLIC        IE
  B:0080H.0       PUBLIC        P0_0
  D:00F8H         PUBLIC        RSTFR
  B:0080H.5       PUBLIC        P0_5
  B:0080H.6       PUBLIC        P0_6
BL51 BANKED LINKER/LOCATER V6.22                                                      07/19/2019  12:30:14  PAGE 28


  C:3024H         PUBLIC        _phy_write_reg_bit
  D:0098H         PUBLIC        SCON
  D:0088H         PUBLIC        TCON
  D:00B8H         PUBLIC        IE1
  C:2CCBH         PUBLIC        phy_check_regs
  C:2C74H         PUBLIC        _phy_read_fifo
  C:2D1FH         PUBLIC        _phy_write_fifo
  C:2AEAH         PUBLIC        phy_init
  C:2F6CH         PUBLIC        rf_regs
  C:33D9H         PUBLIC        _phy_read_reg
  D:00D0H         PUBLIC        PSW
  -------         PROC          _PHY_READ_REG
  D:0007H         SYMBOL        reg
  -------         DO            
  D:0069H         SYMBOL        val
  -------         ENDDO         
  C:33D9H         LINE#         121
  C:33D9H         LINE#         122
  C:33D9H         LINE#         125
  C:33DBH         LINE#         127
  C:33E2H         LINE#         128
  C:33E9H         LINE#         129
  C:33F0H         LINE#         131
  C:33F2H         LINE#         132
  C:33F2H         LINE#         133
  -------         ENDPROC       _PHY_READ_REG
  -------         PROC          _PHY_WRITE_REG
  D:0007H         SYMBOL        reg
  X:0064H         SYMBOL        val
  C:3427H         LINE#         148
  C:342CH         LINE#         149
  C:342CH         LINE#         151
  C:342EH         LINE#         153
  C:3431H         LINE#         154
  C:3439H         LINE#         156
  C:343BH         LINE#         157
  -------         ENDPROC       _PHY_WRITE_REG
  -------         PROC          _PHY_WRITE_REG_BIT
  X:0062H         SYMBOL        reg
  D:0005H         SYMBOL        bits
  X:0063H         SYMBOL        val
  -------         DO            
  D:0066H         SYMBOL        tmp
  D:0067H         SYMBOL        bit_val
  -------         ENDDO         
  C:3024H         LINE#         168
  C:302EH         LINE#         169
  C:302EH         LINE#         171
  C:303DH         LINE#         173
  C:3042H         LINE#         174
  C:3048H         LINE#         175
  C:304CH         LINE#         176
  C:304EH         LINE#         177
  C:3053H         LINE#         178
  C:3053H         LINE#         180
  C:305DH         LINE#         181
  -------         ENDPROC       _PHY_WRITE_REG_BIT
BL51 BANKED LINKER/LOCATER V6.22                                                      07/19/2019  12:30:14  PAGE 29


  -------         PROC          _PHY_READ_FIFO
  X:004FH         SYMBOL        reg
  X:0050H         SYMBOL        buf
  X:0053H         SYMBOL        len
  -------         DO            
  D:0066H         SYMBOL        i
  -------         ENDDO         
  C:2C74H         LINE#         198
  C:2C82H         LINE#         199
  C:2C82H         LINE#         201
  C:2C84H         LINE#         202
  C:2C8BH         LINE#         203
  C:2C95H         LINE#         205
  C:2CA3H         LINE#         206
  C:2CC1H         LINE#         207
  C:2CC8H         LINE#         208
  C:2CCAH         LINE#         209
  -------         ENDPROC       _PHY_READ_FIFO
  -------         PROC          _PHY_WRITE_FIFO
  X:0062H         SYMBOL        reg
  X:0063H         SYMBOL        buf
  X:0066H         SYMBOL        len
  -------         DO            
  D:0066H         SYMBOL        i
  -------         ENDDO         
  C:2D1FH         LINE#         220
  C:2D2DH         LINE#         221
  C:2D2DH         LINE#         223
  C:2D2FH         LINE#         224
  C:2D36H         LINE#         225
  C:2D3EH         LINE#         226
  C:2D4CH         LINE#         227
  C:2D68H         LINE#         228
  C:2D6FH         LINE#         229
  C:2D71H         LINE#         230
  -------         ENDPROC       _PHY_WRITE_FIFO
  -------         PROC          PHY_CHECK_REGS
  -------         DO            
  D:0067H         SYMBOL        i
  D:0068H         SYMBOL        val
  -------         ENDDO         
  C:2CCBH         LINE#         241
  C:2CCBH         LINE#         242
  C:2CCBH         LINE#         245
  C:2CE1H         LINE#         246
  C:2CE6H         LINE#         247
  C:2CE6H         LINE#         248
  C:2CE6H         LINE#         249
  C:2CEDH         LINE#         250
  C:2D02H         LINE#         251
  C:2D15H         LINE#         252
  C:2D18H         LINE#         253
  C:2D18H         LINE#         254
  C:2D1CH         LINE#         255
  C:2D1EH         LINE#         256
  -------         ENDPROC       PHY_CHECK_REGS
  -------         PROC          PHY_INIT
BL51 BANKED LINKER/LOCATER V6.22                                                      07/19/2019  12:30:14  PAGE 30


  -------         DO            
  D:0066H         SYMBOL        i
  -------         ENDDO         
  C:2AEAH         LINE#         266
  C:2AEAH         LINE#         267
  C:2AEAH         LINE#         270
  C:2AECH         LINE#         271
  C:2AEEH         LINE#         274
  C:2AF0H         LINE#         275
  C:2AF7H         LINE#         277
  C:2AFBH         LINE#         278
  C:2B02H         LINE#         281
  C:2B02H         LINE#         282
  C:2B0FH         LINE#         283
  C:2B1AH         LINE#         284
  C:2B30H         LINE#         285
  C:2B43H         LINE#         286
  C:2B47H         LINE#         287
  C:2B4DH         LINE#         289
  C:2B4FH         LINE#         290
  -------         ENDPROC       PHY_INIT
  -------         ENDMOD        NETSTACK_PHY

  -------         MODULE        NETSTACK_MAC
  C:0000H         SYMBOL        _ICE_DUMMY_
  D:0080H         PUBLIC        P0
  D:0090H         PUBLIC        P1
  D:00A0H         PUBLIC        P2
  C:3386H         PUBLIC        mac_direct_mode_break
  C:2D72H         PUBLIC        _mac_listen_packet
  C:0BD7H         PUBLIC        tpl_channels
  C:29A5H         SYMBOL        mac_packet_deal
  C:0FDDH         SYMBOL        mac_read_packet
  D:00A8H         PUBLIC        IE
  C:1B61H         PUBLIC        _mac_pack_packet
  C:0BDDH         PUBLIC        crc24q
  C:2B50H         PUBLIC        mac_load_packet
  D:00F8H         PUBLIC        RSTFR
  C:3508H         PUBLIC        mac_process
  C:1F7CH         SYMBOL        _crc24q_hash
  C:326EH         PUBLIC        mac_direct_mode_enter
  C:31DCH         PUBLIC        _mac_send_packet
  C:340DH         SYMBOL        _tpl_rx_mode
  C:34A0H         SYMBOL        _tpl_tx_mode
  C:33BEH         SYMBOL        _reflected
  D:0098H         PUBLIC        SCON
  D:0008H         PUBLIC        var_rx_buf
  D:0088H         PUBLIC        TCON
  D:0037H         PUBLIC        var_tx_buf
  D:00B8H         PUBLIC        IE1
  C:0BDAH         PUBLIC        tpl_whiten
  C:3551H         PUBLIC        mac_init
  C:3360H         SYMBOL        _swap_bits
  C:2E0DH         PUBLIC        _mac_scan_rssi
  C:31A8H         SYMBOL        _g24_crc
  C:33F3H         SYMBOL        _swap_crc_bits
  C:0003H         PUBLIC        _mac_set_power
BL51 BANKED LINKER/LOCATER V6.22                                                      07/19/2019  12:30:14  PAGE 31


  C:27B0H         SYMBOL        _ble_calc_adv_crc_tab
  D:00D0H         PUBLIC        PSW
  -------         PROC          MAC_INIT
  C:3551H         LINE#         133
  C:3551H         LINE#         134
  C:3551H         LINE#         135
  C:3553H         LINE#         136
  -------         ENDPROC       MAC_INIT
  -------         PROC          _MAC_SET_POWER
  D:0007H         SYMBOL        power
  C:0003H         LINE#         144
  C:0003H         LINE#         145
  C:0003H         LINE#         146
  C:000AH         LINE#         147
  -------         ENDPROC       _MAC_SET_POWER
  -------         PROC          _SWAP_BITS
  D:0007H         SYMBOL        byte
  C:3360H         LINE#         157
  C:3360H         LINE#         158
  C:3360H         LINE#         159
  C:336BH         LINE#         160
  C:3379H         LINE#         161
  C:3385H         LINE#         163
  C:3385H         LINE#         164
  -------         ENDPROC       _SWAP_BITS
  -------         PROC          _SWAP_CRC_BITS
  D:0001H         SYMBOL        crc
  -------         DO            
  D:0005H         SYMBOL        i
  -------         ENDDO         
  C:33F3H         LINE#         171
  C:33F3H         LINE#         172
  C:33F3H         LINE#         175
  C:33F5H         LINE#         176
  C:3400H         LINE#         177
  C:3407H         LINE#         178
  C:340CH         LINE#         179
  -------         ENDPROC       _SWAP_CRC_BITS
  -------         PROC          _REFLECTED
  D:0007H         SYMBOL        b
  -------         DO            
  D:0006H         SYMBOL        c
  D:0005H         SYMBOL        i
  -------         ENDDO         
  C:33BEH         LINE#         186
  C:33BEH         LINE#         187
  C:33BEH         LINE#         188
  C:33C0H         LINE#         190
  C:33C1H         LINE#         191
  C:33C1H         LINE#         192
  C:33C5H         LINE#         193
  C:33C9H         LINE#         194
  C:33CDH         LINE#         195
  C:33D1H         LINE#         196
  C:33D6H         LINE#         197
  C:33D8H         LINE#         198
  -------         ENDPROC       _REFLECTED
BL51 BANKED LINKER/LOCATER V6.22                                                      07/19/2019  12:30:14  PAGE 32


  -------         PROC          _CRC24Q_HASH
  X:0074H         SYMBOL        dat
  X:0077H         SYMBOL        len
  -------         DO            
  X:0079H         SYMBOL        i
  X:007BH         SYMBOL        d
  X:007CH         SYMBOL        crc
  -------         ENDDO         
  C:1F7CH         LINE#         207
  C:1F8DH         LINE#         208
  C:1F8DH         LINE#         211
  C:1F97H         LINE#         213
  C:1FBCH         LINE#         214
  C:1FDFH         LINE#         215
  C:202CH         LINE#         216
  C:203DH         LINE#         218
  C:2055H         LINE#         220
  C:2063H         LINE#         221
  -------         ENDPROC       _CRC24Q_HASH
  -------         PROC          _BLE_CALC_ADV_CRC_TAB
  D:0001H         SYMBOL        adv_pdu
  X:006CH         SYMBOL        len
  X:006DH         SYMBOL        crc_c
  -------         DO            
  X:0070H         SYMBOL        crc
  -------         ENDDO         
  C:27B0H         LINE#         231
  C:27B5H         LINE#         232
  C:27B5H         LINE#         234
  C:27BFH         LINE#         235
  C:27CFH         LINE#         237
  C:27F3H         LINE#         238
  C:281AH         LINE#         239
  C:2830H         LINE#         240
  C:2833H         LINE#         242
  -------         ENDPROC       _BLE_CALC_ADV_CRC_TAB
  -------         PROC          _MAC_PACK_PACKET
  X:005FH         SYMBOL        addr
  X:0062H         SYMBOL        len
  -------         DO            
  X:0063H         SYMBOL        crc_ptr
  X:0066H         SYMBOL        pkt
  -------         ENDDO         
  C:1B61H         LINE#         251
  C:1B6FH         LINE#         252
  C:1B6FH         LINE#         254
  C:1B7CH         LINE#         256
  C:1BA2H         LINE#         259
  C:1BB5H         LINE#         260
  C:1BBDH         LINE#         261
  C:1BC5H         LINE#         263
  C:1BCDH         LINE#         264
  C:1BD7H         LINE#         265
  C:1BE1H         LINE#         267
  C:1BE6H         LINE#         268
  C:1BFFH         LINE#         272
  C:1C21H         LINE#         275
BL51 BANKED LINKER/LOCATER V6.22                                                      07/19/2019  12:30:14  PAGE 33


  C:1C35H         LINE#         280
  C:1C6DH         LINE#         282
  -------         ENDPROC       _MAC_PACK_PACKET
  -------         PROC          _TPL_RX_MODE
  X:0060H         SYMBOL        ch
  C:340DH         LINE#         292
  C:3412H         LINE#         293
  C:3412H         LINE#         294
  C:341AH         LINE#         295
  C:3426H         LINE#         296
  -------         ENDPROC       _TPL_RX_MODE
  -------         PROC          _TPL_TX_MODE
  D:0007H         SYMBOL        ch
  C:34A0H         LINE#         304
  C:34A0H         LINE#         305
  C:34A0H         LINE#         306
  C:34A7H         LINE#         307
  C:34B0H         LINE#         308
  -------         ENDPROC       _TPL_TX_MODE
  -------         PROC          _MAC_SCAN_RSSI
  X:00BAH         SYMBOL        ch
  -------         DO            
  D:0007H         SYMBOL        rssi
  -------         ENDDO         
  C:2E0DH         LINE#         311
  C:2E12H         LINE#         312
  C:2E12H         LINE#         314
  C:2E1BH         LINE#         315
  C:2E23H         LINE#         316
  C:2E2AH         LINE#         317
[...]
  X:0041H         SYMBOL        pdu
  -------         ENDDO         
  C:21FAH         LINE#         828
  C:21FAH         LINE#         829
  C:21FAH         LINE#         830
  C:2207H         LINE#         841
  C:2210H         LINE#         842
  C:221EH         LINE#         843
  C:2220H         LINE#         847
  C:2220H         LINE#         848
  C:2227H         LINE#         849
  C:2227H         LINE#         850
  C:2235H         LINE#         851
  C:2237H         LINE#         852
  C:2237H         LINE#         853
  C:2247H         LINE#         854
  C:2247H         LINE#         855
  C:2247H         LINE#         857
  C:226AH         LINE#         859
  C:2273H         LINE#         860
  C:2276H         LINE#         861
  C:2283H         LINE#         862
  C:2284H         LINE#         866
  C:228BH         LINE#         867
  C:2299H         LINE#         869
BL51 BANKED LINKER/LOCATER V6.22                                                      07/19/2019  12:30:14  PAGE 45


  C:22A6H         LINE#         871
  -------         ENDPROC       TASK_NET
  -------         PROC          NET_CLEAR_NETWORK
  C:3339H         LINE#         879
  C:3339H         LINE#         880
  C:3339H         LINE#         881
  C:3340H         LINE#         882
  C:3347H         LINE#         883
  C:334EH         LINE#         884
  C:3355H         LINE#         885
  C:335CH         LINE#         886
  C:335FH         LINE#         887
  -------         ENDPROC       NET_CLEAR_NETWORK
  -------         PROC          _NET_GROUP_EXIST
  X:0051H         SYMBOL        group
  -------         DO            
  X:0054H         SYMBOL        i
  X:0055H         SYMBOL        g
  -------         ENDDO         
  C:2BB6H         LINE#         900
  C:2BC1H         LINE#         901
  C:2BC1H         LINE#         906
  C:2BD2H         LINE#         907
  C:2BEEH         LINE#         908
  C:2C0DH         LINE#         909
  C:2C10H         LINE#         910
  C:2C10H         LINE#         911
  C:2C18H         LINE#         913
  C:2C1AH         LINE#         914
  -------         ENDPROC       _NET_GROUP_EXIST
  -------         PROC          _NET_GROUP_ADD
  D:0001H         SYMBOL        group
  C:323EH         LINE#         944
  C:323EH         LINE#         945
  C:323EH         LINE#         946
  C:3249H         LINE#         947
  C:324CH         LINE#         948
  C:3262H         LINE#         949
  C:3268H         LINE#         950
  C:326BH         LINE#         951
  C:326DH         LINE#         952
  -------         ENDPROC       _NET_GROUP_ADD
  -------         PROC          _NET_GROUP_REMOVE
  X:0051H         SYMBOL        group
  -------         DO            
  X:0054H         SYMBOL        tmp
  X:0057H         SYMBOL        i
  X:0058H         SYMBOL        g
  -------         ENDDO         
  C:1C6EH         LINE#         963
  C:1C79H         LINE#         964
  C:1C79H         LINE#         969
  C:1C84H         LINE#         970
  C:1C95H         LINE#         971
  C:1CA9H         LINE#         973
  C:1CBCH         LINE#         974
  C:1CD1H         LINE#         975
BL51 BANKED LINKER/LOCATER V6.22                                                      07/19/2019  12:30:14  PAGE 46


  C:1CF5H         LINE#         977
  C:1D31H         LINE#         978
  C:1D38H         LINE#         979
  C:1D3EH         LINE#         980
  C:1D5CH         LINE#         982
  C:1D5FH         LINE#         983
  C:1D62H         LINE#         984
  C:1D62H         LINE#         985
  C:1D6CH         LINE#         986
  C:1D75H         LINE#         987
  C:1D75H         LINE#         988
  C:1D77H         LINE#         989
  -------         ENDPROC       _NET_GROUP_REMOVE
  -------         PROC          _NET_GROUP_CLEAR
  X:0051H         SYMBOL        user_id
  -------         DO            
  X:0054H         SYMBOL        tmp
  X:0057H         SYMBOL        i
  X:0058H         SYMBOL        g
  -------         ENDDO         
  C:1A4EH         LINE#         1001
  C:1A59H         LINE#         1002
  C:1A59H         LINE#         1007
  C:1A64H         LINE#         1008
  C:1A75H         LINE#         1009
  C:1A89H         LINE#         1011
  C:1A9CH         LINE#         1012
  C:1AB1H         LINE#         1013
  C:1AD5H         LINE#         1015
  C:1B1BH         LINE#         1016
  C:1B21H         LINE#         1017
  C:1B23H         LINE#         1018
  C:1B2DH         LINE#         1019
  C:1B2DH         LINE#         1020
  C:1B36H         LINE#         1021
  C:1B3DH         LINE#         1022
  C:1B5BH         LINE#         1023
  C:1B5EH         LINE#         1024
  C:1B5EH         LINE#         1025
  C:1B60H         LINE#         1026
  -------         ENDPROC       _NET_GROUP_CLEAR
  -------         PROC          _NET_UPDAT_PEER_ADDR
  X:0051H         SYMBOL        group
  -------         DO            
  X:0054H         SYMBOL        tmp
  X:0057H         SYMBOL        i
  X:0058H         SYMBOL        g
  -------         ENDDO         
  C:1E81H         LINE#         1046
  C:1E8CH         LINE#         1047
  C:1E8CH         LINE#         1052
  C:1E97H         LINE#         1053
  C:1EA8H         LINE#         1054
  C:1EBCH         LINE#         1056
  C:1ECFH         LINE#         1057
  C:1EE4H         LINE#         1058
  C:1F08H         LINE#         1060
BL51 BANKED LINKER/LOCATER V6.22                                                      07/19/2019  12:30:14  PAGE 47


  C:1F2CH         LINE#         1061
  C:1F33H         LINE#         1063
  C:1F51H         LINE#         1065
  C:1F54H         LINE#         1066
  C:1F57H         LINE#         1067
  C:1F57H         LINE#         1068
  C:1F61H         LINE#         1069
  C:1F6AH         LINE#         1071
  C:1F79H         LINE#         1073
  C:1F79H         LINE#         1074
  C:1F7BH         LINE#         1075
  -------         ENDPROC       _NET_UPDAT_PEER_ADDR
  -------         ENDMOD        NETSTACK_NET

  -------         MODULE        ?C?COPY
  C:0735H         PUBLIC        ?C?COPY
  -------         ENDMOD        ?C?COPY

  -------         MODULE        ?C?CLDPTR
  C:075BH         PUBLIC        ?C?CLDPTR
  -------         ENDMOD        ?C?CLDPTR

  -------         MODULE        ?C?CLDOPTR
  C:0774H         PUBLIC        ?C?CLDOPTR
  -------         ENDMOD        ?C?CLDOPTR

  -------         MODULE        ?C?CILDOPTR
  C:07A1H         PUBLIC        ?C?CILDOPTR
  -------         ENDMOD        ?C?CILDOPTR

  -------         MODULE        ?C?CSTPTR
  C:07D4H         PUBLIC        ?C?CSTPTR
  -------         ENDMOD        ?C?CSTPTR

  -------         MODULE        ?C?CSTOPTR
  C:07E6H         PUBLIC        ?C?CSTOPTR
  -------         ENDMOD        ?C?CSTOPTR

  -------         MODULE        ?C?IILDX
  C:0808H         PUBLIC        ?C?IILDX
  -------         ENDMOD        ?C?IILDX

  -------         MODULE        ?C?ILDIX
  C:081EH         PUBLIC        ?C?ILDIX
  -------         ENDMOD        ?C?ILDIX

  -------         MODULE        ?C?LMUL
  C:0834H         PUBLIC        ?C?LMUL
  -------         ENDMOD        ?C?LMUL

  -------         MODULE        ?C?ULDIV
  C:08BFH         PUBLIC        ?C?ULDIV
  -------         ENDMOD        ?C?ULDIV

  -------         MODULE        ?C?ULCMP
  C:0951H         PUBLIC        ?C?ULCMP
  -------         ENDMOD        ?C?ULCMP
BL51 BANKED LINKER/LOCATER V6.22                                                      07/19/2019  12:30:14  PAGE 48



  -------         MODULE        ?C?ULSHR
  C:0962H         PUBLIC        ?C?ULSHR
  -------         ENDMOD        ?C?ULSHR

  -------         MODULE        ?C?LSHL
  C:0975H         PUBLIC        ?C?LSHL
  -------         ENDMOD        ?C?LSHL

  -------         MODULE        ?C?LLDCODE0
  C:0988H         PUBLIC        ?C?LLDCODE0
  -------         ENDMOD        ?C?LLDCODE0

  -------         MODULE        ?C?LSTXDATA
  C:0998H         PUBLIC        ?C?LSTXDATA
  -------         ENDMOD        ?C?LSTXDATA

  -------         MODULE        ?C?LSTKXDATA
  C:09A4H         PUBLIC        ?C?LSTKXDATA
  -------         ENDMOD        ?C?LSTKXDATA

  -------         MODULE        ?C?CCASE
  C:09D5H         PUBLIC        ?C?CCASE
  -------         ENDMOD        ?C?CCASE

  -------         MODULE        ?C?ICALL
  C:09FBH         PUBLIC        ?C?ICALL
  C:09FFH         PUBLIC        ?C?ICALL2
  -------         ENDMOD        ?C?ICALL

  -------         MODULE        ?C?MEMCMP
  C:0B87H         PUBLIC        ?C?MEMCMP
  -------         ENDMOD        ?C?MEMCMP

  -------         MODULE        ?C?MEMSET
  C:0BABH         PUBLIC        ?C?MEMSET
  -------         ENDMOD        ?C?MEMSET



INTER-MODULE CROSS-REFERENCE LISTING
------------------------------------


NAME . . . . . . . . . . USAGE    MODULE NAMES
----------------------------------------------

?C?CCASE . . . . . . . . CODE;    ?C?CCASE  NETSTACK_NET  
?C?CILDOPTR. . . . . . . CODE;    ?C?CILDOPTR  NETSTACK_NET  
?C?CLDOPTR . . . . . . . CODE;    ?C?CLDOPTR  FLASH  NETSTACK_APP  NETSTACK_MAC  NETSTACK_NET  NETSTACK_PHY  
?C?CLDPTR. . . . . . . . CODE;    ?C?CLDPTR  FLASH  NETSTACK_APP  NETSTACK_MAC  NETSTACK_NET  
?C?COPY. . . . . . . . . CODE;    ?C?COPY  NETSTACK_MAC  NETSTACK_NET  
?C?CSTOPTR . . . . . . . CODE;    ?C?CSTOPTR  FLASH  NETSTACK_APP  NETSTACK_MAC  NETSTACK_NET  NETSTACK_PHY  
?C?CSTPTR. . . . . . . . CODE;    ?C?CSTPTR  FLASH  NETSTACK_APP  NETSTACK_MAC  NETSTACK_NET  
?C?ICALL . . . . . . . . CODE;    ?C?ICALL  OS  
?C?ICALL2. . . . . . . . CODE;    ?C?ICALL  
?C?IILDX . . . . . . . . CODE;    ?C?IILDX  NETSTACK_NET  OS  
BL51 BANKED LINKER/LOCATER V6.22                                                      07/19/2019  12:30:14  PAGE 49


?C?ILDIX . . . . . . . . CODE;    ?C?ILDIX  FLASH  
?C?LLDCODE0. . . . . . . CODE;    ?C?LLDCODE0  NETSTACK_MAC  
?C?LMUL. . . . . . . . . CODE;    ?C?LMUL  NETSTACK_APP  
?C?LSHL. . . . . . . . . CODE;    ?C?LSHL  NETSTACK_MAC  
?C?LSTKXDATA . . . . . . CODE;    ?C?LSTKXDATA  NETSTACK_MAC  
?C?LSTXDATA. . . . . . . CODE;    ?C?LSTXDATA  NETSTACK_APP  NETSTACK_MAC  
?C?MEMCMP. . . . . . . . CODE;    ?C?MEMCMP  NETSTACK_MAC  NETSTACK_NET  
?C?MEMSET. . . . . . . . CODE;    ?C?MEMSET  NETSTACK_MAC  NETSTACK_NET  OS  
?C?ULCMP . . . . . . . . CODE;    ?C?ULCMP  SYSTEM  
?C?ULDIV . . . . . . . . CODE;    ?C?ULDIV  NETSTACK_APP  SYSTEM  
?C?ULSHR . . . . . . . . CODE;    ?C?ULSHR  NETSTACK_MAC  
?C_INITSEGSTART. . . . . CODE;    ** L51 GENERATED **  
?C_START . . . . . . . . CODE;    ?C_INIT  ?C_STARTUP  
?C_STARTUP . . . . . . . CODE;    ?C_STARTUP  MAIN  
?_FLASH_READ_BUF?BYTE. . XDATA;   FLASH  NETSTACK_NET  
?_FLASH_WRITE_BUF?BYTE . XDATA;   FLASH  NETSTACK_NET  
?_NET_INPUT?BYTE . . . . XDATA;   NETSTACK_NET  NETSTACK_MAC  
?_NET_OUTPUT?BYTE. . . . XDATA;   NETSTACK_NET  
?_PHY_READ_FIFO?BYTE . . XDATA;   NETSTACK_PHY  NETSTACK_MAC  
?_PHY_WRITE_FIFO?BYTE. . XDATA;   NETSTACK_PHY  NETSTACK_MAC  
ADCC2. . . . . . . . . . XDATA;   MAIN  
ADCWC. . . . . . . . . . XDATA;   MAIN  
ALL_GROUP. . . . . . . . CODE;    NETSTACK_NET  
APP_INIT . . . . . . . . CODE;    NETSTACK_APP  MAIN  
APP_PROCESS. . . . . . . CODE;    NETSTACK_APP  MAIN  
BORC . . . . . . . . . . XDATA;   MAIN  
BORDBC . . . . . . . . . XDATA;   MAIN  
CLKDIV . . . . . . . . . XDATA;   MAIN  SYSTEM  
CLKOUT . . . . . . . . . XDATA;   MAIN  
CLKO_MAP . . . . . . . . XDATA;   MAIN  
CRC24Q . . . . . . . . . CODE;    NETSTACK_MAC  
CRCC . . . . . . . . . . XDATA;   MAIN  
FLASH_COUNT. . . . . . . XDATA;   NETSTACK_APP  
FREQ_CLK . . . . . . . . XDATA;   MAIN  SYSTEM  
F_ACPOWERDECT. . . . . . CODE;    NETSTACK_APP  
F_AUTOSAVE . . . . . . . CODE;    NETSTACK_APP  
F_BRIGHTDOWN . . . . . . CODE;    NETSTACK_APP  
F_BRIGHTUP . . . . . . . CODE;    NETSTACK_APP  
F_CHECKCLEARNET. . . . . CODE;    NETSTACK_APP  
F_CLOSELED . . . . . . . CODE;    NETSTACK_APP  
F_CWRUNNING. . . . . . . CODE;    NETSTACK_APP  SYSTEM  
F_OPENLED. . . . . . . . CODE;    NETSTACK_APP  
F_SETBRIGHTTONEVALUE . . CODE;    NETSTACK_APP  
F_SWITCHONOFF. . . . . . CODE;    NETSTACK_APP  
F_TONEDOWN . . . . . . . CODE;    NETSTACK_APP  
F_TONEUP . . . . . . . . CODE;    NETSTACK_APP  
G_TIME . . . . . . . . . DATA;    SYSTEM  
INT01_PINS . . . . . . . XDATA;   MAIN  
LED_FLASH. . . . . . . . CODE;    NETSTACK_APP  
LED_KEY_MODEL_VAL. . . . CODE;    NETSTACK_APP  
LED_STA_T. . . . . . . . XDATA;   NETSTACK_APP  
LOCAL_INFO . . . . . . . XDATA;   NETSTACK_NET  NETSTACK_APP  NETSTACK_MAC  SYSTEM  
LVDDBC . . . . . . . . . XDATA;   MAIN  
MAC_DIRECT_MODE_BREAK. . CODE;    NETSTACK_MAC  
MAC_DIRECT_MODE_ENTER. . CODE;    NETSTACK_MAC  
MAC_INIT . . . . . . . . CODE;    NETSTACK_MAC  MAIN  
MAC_LOAD_PACKET. . . . . CODE;    NETSTACK_MAC  NETSTACK_NET  
BL51 BANKED LINKER/LOCATER V6.22                                                      07/19/2019  12:30:14  PAGE 50


MAC_PROCESS. . . . . . . CODE;    NETSTACK_MAC  MAIN  
MAIN . . . . . . . . . . CODE;    MAIN  ?C_INIT  
MISO_MAP . . . . . . . . XDATA;   MAIN  SPI  
MOSI_MAP . . . . . . . . XDATA;   MAIN  SPI  
NET_CLEAR_NETWORK. . . . CODE;    NETSTACK_NET  NETSTACK_APP  
NET_GET_ADV_PARAM_BUF. . CODE;    NETSTACK_NET  NETSTACK_APP  
NET_INIT . . . . . . . . CODE;    NETSTACK_NET  MAIN  
NET_UPDAT_LOCAL_INFO . . CODE;    NETSTACK_NET  NETSTACK_APP  
NULL_MAC . . . . . . . . CODE;    NETSTACK_NET  
OS_INIT. . . . . . . . . CODE;    OS  MAIN  
OS_TASK_PROCESS. . . . . CODE;    OS  MAIN  
OS_TASK_REMARK . . . . . CODE;    OS  MAIN  
P00DBC . . . . . . . . . XDATA;   MAIN  
P01DBC . . . . . . . . . XDATA;   MAIN  
P02DBC . . . . . . . . . XDATA;   MAIN  
P0LPU. . . . . . . . . . XDATA;   MAIN  
P0M0 . . . . . . . . . . XDATA;   MAIN  NETSTACK_APP  
P0M1 . . . . . . . . . . XDATA;   MAIN  NETSTACK_APP  SPI  
P0M2 . . . . . . . . . . XDATA;   MAIN  SPI  
P0M3 . . . . . . . . . . XDATA;   MAIN  SPI  
P1M0 . . . . . . . . . . XDATA;   MAIN  
P2M0 . . . . . . . . . . XDATA;   MAIN  SPI  
P2M1 . . . . . . . . . . XDATA;   MAIN  NETSTACK_APP  
P2M2 . . . . . . . . . . XDATA;   MAIN  
P2M3 . . . . . . . . . . XDATA;   MAIN  
PHY_CHECK_REGS . . . . . CODE;    NETSTACK_PHY  
PHY_INIT . . . . . . . . CODE;    NETSTACK_PHY  MAIN  
PINTE0 . . . . . . . . . XDATA;   MAIN  
PINTE1 . . . . . . . . . XDATA;   MAIN  
PITS0. . . . . . . . . . XDATA;   MAIN  
PITS1. . . . . . . . . . XDATA;   MAIN  
PITS2. . . . . . . . . . XDATA;   MAIN  
PITS3. . . . . . . . . . XDATA;   MAIN  
PWM01_MAP. . . . . . . . XDATA;   MAIN  NETSTACK_APP  
PWM0_MAP . . . . . . . . XDATA;   MAIN  NETSTACK_APP  
PWM11_MAP. . . . . . . . XDATA;   MAIN  
PWM1_MAP . . . . . . . . XDATA;   MAIN  
PWM21_MAP. . . . . . . . XDATA;   MAIN  
PWM2_MAP . . . . . . . . XDATA;   MAIN  
PWM3_MAP . . . . . . . . XDATA;   MAIN  
PWM_INIT . . . . . . . . CODE;    NETSTACK_APP  
RESETNOREADOPTION. . . . CODE;    SYSTEM  NETSTACK_NET  
RF_REGS. . . . . . . . . CODE;    NETSTACK_PHY  
RSTDBC . . . . . . . . . XDATA;   MAIN  
RXD2_MAP . . . . . . . . XDATA;   MAIN  
RXD_MAP. . . . . . . . . XDATA;   MAIN  
RX_POOL. . . . . . . . . XDATA;   NETSTACK_NET  
R_ACIN . . . . . . . . . XDATA;   NETSTACK_APP  
R_ACPOWER_READY. . . . . XDATA;   NETSTACK_APP  
R_AC_DBS_FREE. . . . . . XDATA;   NETSTACK_APP  
R_AC_DBS_IN. . . . . . . XDATA;   NETSTACK_APP  
R_AUTOSAVE . . . . . . . XDATA;   NETSTACK_APP  
R_BRIGHT . . . . . . . . XDATA;   NETSTACK_APP  
R_C_NEEDVALUE. . . . . . XDATA;   NETSTACK_APP  
R_C_NOWVALUE . . . . . . XDATA;   NETSTACK_APP  
R_NOWCOUNT . . . . . . . XDATA;   NETSTACK_APP  
R_POWERONCNT . . . . . . XDATA;   NETSTACK_APP  
BL51 BANKED LINKER/LOCATER V6.22                                                      07/19/2019  12:30:14  PAGE 51


R_RUNFLAG. . . . . . . . XDATA;   NETSTACK_APP  
R_RUNNINGFLAG. . . . . . XDATA;   NETSTACK_APP  
R_SYSTEMTIME . . . . . . XDATA;   NETSTACK_APP  
R_TONE . . . . . . . . . XDATA;   NETSTACK_APP  
R_WAITTIMES. . . . . . . XDATA;   NETSTACK_APP  
R_W_NEEDVALUE. . . . . . XDATA;   NETSTACK_APP  
R_W_NOWVALUE . . . . . . XDATA;   NETSTACK_APP  
S2BUF. . . . . . . . . . XDATA;   MAIN  
S2CON. . . . . . . . . . XDATA;   MAIN  
S2CON2 . . . . . . . . . XDATA;   MAIN  
SCK_MAP. . . . . . . . . XDATA;   MAIN  SPI  
SPI_INIT . . . . . . . . CODE;    SPI  MAIN  
SPOV_RSTEN . . . . . . . XDATA;   MAIN  
SS_MAP . . . . . . . . . XDATA;   MAIN  SPI  
SYSTEM_INIT. . . . . . . CODE;    SYSTEM  MAIN  
SYSTEM_TDMA. . . . . . . CODE;    SYSTEM  
T0_MAP . . . . . . . . . XDATA;   MAIN  
T1_MAP . . . . . . . . . XDATA;   MAIN  
T3_MAP . . . . . . . . . XDATA;   MAIN  
T4_MAP . . . . . . . . . XDATA;   MAIN  
T5CON1 . . . . . . . . . XDATA;   MAIN  
T5_MAP . . . . . . . . . XDATA;   MAIN  
TASK_POOL. . . . . . . . XDATA;   OS  
TASK_TICK. . . . . . . . XDATA;   OS  SYSTEM  
TCON1. . . . . . . . . . XDATA;   MAIN  SYSTEM  
TIMER0_RPT . . . . . . . CODE;    SYSTEM  
TPL_CHANNELS . . . . . . CODE;    NETSTACK_MAC  
TPL_WHITEN . . . . . . . CODE;    NETSTACK_MAC  
TXD2_MAP . . . . . . . . XDATA;   MAIN  
TXD_MAP. . . . . . . . . XDATA;   MAIN  
VAR_RX_BUF . . . . . . . DATA;    NETSTACK_MAC  
VAR_TX_BUF . . . . . . . DATA;    NETSTACK_MAC  NETSTACK_NET  
WDTCCR . . . . . . . . . XDATA;   MAIN  SYSTEM  
WDT_INIT . . . . . . . . CODE;    SYSTEM  MAIN  
_APP_INPUT . . . . . . . CODE;    NETSTACK_APP  NETSTACK_NET  
_APP_OUTPUT. . . . . . . CODE;    NETSTACK_APP  
_DELAY_0_5_MS. . . . . . CODE;    DELAY  NETSTACK_MAC  
_DELAY_MS. . . . . . . . CODE;    DELAY  NETSTACK_APP  NETSTACK_PHY  
_DELAY_US. . . . . . . . CODE;    DELAY  NETSTACK_MAC  NETSTACK_PHY  
_FLASH_CRC . . . . . . . CODE;    FLASH  NETSTACK_NET  
_FLASH_ERASE_SECTION . . CODE;    FLASH  NETSTACK_NET  
_FLASH_READ_BUF. . . . . CODE;    FLASH  NETSTACK_NET  
_FLASH_READ_MAC_ADDR . . CODE;    FLASH  NETSTACK_NET  
_FLASH_WRITE_BUF . . . . CODE;    FLASH  NETSTACK_NET  
_F_COUNTDATA . . . . . . CODE;    NETSTACK_APP  
_F_FLASHFUNTION. . . . . CODE;    NETSTACK_APP  
_MAC_LISTEN_PACKET . . . CODE;    NETSTACK_MAC  NETSTACK_NET  
_MAC_PACK_PACKET . . . . CODE;    NETSTACK_MAC  NETSTACK_NET  
_MAC_SCAN_RSSI . . . . . CODE;    NETSTACK_MAC  
_MAC_SEND_PACKET . . . . CODE;    NETSTACK_MAC  NETSTACK_NET  
_MAC_SET_POWER . . . . . CODE;    NETSTACK_MAC  NETSTACK_NET  
_NET_INPUT . . . . . . . CODE;    NETSTACK_NET  NETSTACK_MAC  
_NET_OUTPUT. . . . . . . CODE;    NETSTACK_NET  
_NET_SET_ADV_PARAM_LEN . CODE;    NETSTACK_NET  NETSTACK_APP  
_OS_TASK_ADD . . . . . . CODE;    OS  NETSTACK_APP  NETSTACK_NET  
_PHY_READ_FIFO . . . . . CODE;    NETSTACK_PHY  NETSTACK_MAC  
_PHY_READ_REG. . . . . . CODE;    NETSTACK_PHY  NETSTACK_MAC  
BL51 BANKED LINKER/LOCATER V6.22                                                      07/19/2019  12:30:14  PAGE 52


_PHY_WRITE_FIFO. . . . . CODE;    NETSTACK_PHY  NETSTACK_MAC  
_PHY_WRITE_REG . . . . . CODE;    NETSTACK_PHY  NETSTACK_MAC  
_PHY_WRITE_REG_BIT . . . CODE;    NETSTACK_PHY  NETSTACK_MAC  
_SPI_READ_WRITE. . . . . CODE;    SPI  NETSTACK_PHY  

*** WARNING L16: UNCALLED SEGMENT, IGNORED FOR OVERLAY PROCESS
    SEGMENT: ?PR?F_SWITCHONOFF?NETSTACK_APP

*** WARNING L16: UNCALLED SEGMENT, IGNORED FOR OVERLAY PROCESS
    SEGMENT: ?PR?F_AUTOSAVE?NETSTACK_APP

*** WARNING L16: UNCALLED SEGMENT, IGNORED FOR OVERLAY PROCESS
    SEGMENT: ?PR?_APP_OUTPUT?NETSTACK_APP

*** WARNING L16: UNCALLED SEGMENT, IGNORED FOR OVERLAY PROCESS
    SEGMENT: ?PR?F_ACPOWERDECT?NETSTACK_APP

*** WARNING L16: UNCALLED SEGMENT, IGNORED FOR OVERLAY PROCESS
    SEGMENT: ?PR?_MAC_SCAN_RSSI?NETSTACK_MAC

*** WARNING L16: UNCALLED SEGMENT, IGNORED FOR OVERLAY PROCESS
    SEGMENT: ?PR?MAC_DIRECT_MODE_ENTER?NETSTACK_MAC

*** WARNING L16: UNCALLED SEGMENT, IGNORED FOR OVERLAY PROCESS
    SEGMENT: ?PR?MAC_DIRECT_MODE_BREAK?NETSTACK_MAC

*** WARNING L16: UNCALLED SEGMENT, IGNORED FOR OVERLAY PROCESS
    SEGMENT: ?PR?NET_DEVICE_STA_TASK?NETSTACK_NET

Program Size: data=112.0 xdata=245 code=13653
LINK/LOCATE RUN COMPLETE.  8 WARNING(S),  0 ERROR(S)
